Archive member included because of file (symbol)

./libandessta.a(xip_ovly.o)   obj/sta/tcpip/dhcpc.o (overlayunload)
./libandessta.a(cnm_timer.o)  obj/sta/iot_custom.o (cnmTimerInitTimer)
./libandessta.a(iot_crc16.o)  obj/sta/iot_xmodem.o (crc_cal_by_bit)
./libandessta.a(iot_io_cmd.o)
                              obj/sta/iot_parse.o (IoT_gpio_output)
./libandessta.a(iot_mgmt_cmd.o)
                              obj/sta/iot_at_cmd.o (IoT_Cmd_LinkDown)
./libandessta.a(queue.o)      obj/sta/iot_uplink.o (apiQU_Dequeue)
./libandessta.a(app_nos_main.o)
                              ./libandessta.a(iot_mgmt_cmd.o) (pAd)
./libandessta.a(assoc.o)      obj/sta/rtmp_data_pub.o (PeerDisassocAction)
./libandessta.a(auth.o)       obj/sta/rtmp_data_pub.o (MlmeAuthProcess)
./libandessta.a(chip_init.o)  obj/sta/iot_at_cmd.o (Sys_reboot)
./libandessta.a(cmm_wpa.o)    obj/sta/rtmp_data_pub.o (WpaEAPOLKeyAction)
./libandessta.a(crypt_aes.o)  ./libandessta.a(cmm_wpa.o) (AES_Key_Unwrap)
./libandessta.a(crypt_hmac.o)
                              ./libandessta.a(cmm_wpa.o) (RT_HMAC_MD5)
./libandessta.a(rtmp_data.o)  obj/sta/rtmp_data_pub.o (RTMPCheckRxError)
./libandessta.a(rtmp_general.o)
                              ./libandessta.a(cmm_wpa.o) (RTMPCompareMemory)
./libandessta.a(scan.o)       obj/sta/mt7681_ChSw_pub.o (rtmp_mac_set_ctrlch)
./libandessta.a(smtcn.o)      obj/sta/iot_custom.o (SMTCN_state_chg_init)
./libandessta.a(wow.o)        ./libandessta.a(chip_init.o) (RTMP_EnableTxRx)
./libandessta.a(bsp.o)        obj/sta/main_pub.o (BSP_Init)
./libandessta.a(ee_efuse.o)   ./libandessta.a(chip_init.o) (eEp_init)
./libandessta.a(fce.o)        ./libandessta.a(app_nos_main.o) (drvFCE_RegisterIntHdlr)
./libandessta.a(pdma.o)       ./libandessta.a(app_nos_main.o) (PdmaVrPortIntHdlr)
./libandessta.a(spi-flash.o)  obj/sta/spi-flash_pub.o (SPI_REG8)
./libandessta.a(timer.o)      ./libandessta.a(bsp.o) (drvTMR_Init)
./libandessta.a(uart.o)       obj/sta/iot_uart_rb.o (UART_PutUARTByte)
./libandessta.a(uartlite.o)   obj/sta/iot_xmodem.o (UART_PutChar)
./libandessta.a(main.o)       obj/sta/main_pub.o (sys_Init)
./libandessta.a(xcpt.o)       cust/ctxsw.o (sysXCPT_XcptHdlr)
./libandessta.a(initial.o)    obj/sta/main_pub.o (sysKernelStart)
./libandessta.a(mutex.o)      ./libandessta.a(queue.o) (SYSirq_Disable_Interrupts_Save_Flags)
./libandessta.a(stack.o)      ./libandessta.a(main.o) (sysStack)
./libandessta.a(syscall.o)    ./libandessta.a(mutex.o) (sysCALL)
./libandessta.a(task.o)       cust/ctxsw.o (sysTaskingCtl)
./libandessta.a(list.o)       ./libandessta.a(queue.o) (apiInitListEntry)
./libandessta.a(random.o)     ./libandessta.a(cmm_wpa.o) (apiRand)
./libandessta.a(printf.o)     obj/sta/iot_aes_pub.o (Printf_High)
./libandessta.a(stdlib.o)     ./libandessta.a(cmm_wpa.o) (malloc)
./libandessta.a(strcmp.o)     obj/sta/iot_at_cmd_utility.o (strcmp)
./libandessta.a(strcpy.o)     obj/sta/tcpip/resolv.o (strcpy)
./libandessta.a(strlen.o)     obj/sta/iot_at_cmd.o (strlen)
./libandessta.a(vsprintf.o)   obj/sta/iot_at_cmd.o (simple_strtol)
./libandessta.a(mcuctl.o)     ./libandessta.a(uart.o) (drvMCUCTL_RegisterIntHdlr)
./libandessta.a(mt7681_ChSw.o)
                              ./libandessta.a(chip_init.o) (RF_WRITE8)
./libandessta.a(wifi_ps.o)    ./libandessta.a(main.o) (drvPBF_IntHdler)
./libandessta.a(wifi_task.o)  obj/sta/wifi_task_pub.o (GetQueueInfo)
./libandessta.a(ate.o)        ./libandessta.a(chip_init.o) (Set_ATE_Efuse_Read)
./libandessta.a(cmm_wep.o)    ./libandessta.a(cmm_wpa.o) (AsicUpdateRxWCIDTable)
./libandessta.a(led.o)        ./libandessta.a(wow.o) (LED_Fast_Blinking)
./libandessta.a(do_printf.o)  ./libandessta.a(printf.o) (do_printf)
./libandessta.a(fputs.o)      ./libandessta.a(printf.o) (putchar)
./libandessta.a(ctype.o)      ./libandessta.a(vsprintf.o) (_ctype)

Allocating common symbols
Common symbol       size              file

udp_app_state       0x10              obj/sta/tcpip/iot_udp_app.o
arp_timer           0x8               obj/sta/tcpip/tcpip_main.o
System_Timer_Pool   0x14              ./libandessta.a(timer.o)
CIPTER              0x100             obj/sta/iot_aes_pub.o
IoTCustOp           0x1c              obj/sta/iot_custom.o
uip_acc32           0x4               obj/sta/tcpip/uip.o
IoTCustTimer        0x1c              obj/sta/iot_custom.o
sysTaskingCtl       0x34              ./libandessta.a(task.o)
uart_rb_info        0xc               obj/sta/iot_uart_rb.o
gATEInfo            0x24d             ./libandessta.a(ate.o)
periodic_timer      0x8               obj/sta/tcpip/tcpip_main.o
Free_Timer_List     0x10              ./libandessta.a(timer.o)
IoTpAd              0x18d             obj/sta/iot_custom.o
AdvPSMode           0x14              ./libandessta.a(wifi_ps.o)
uip_dhpcd_conns     0xa0              obj/sta/tcpip/dhcpd.o
PLAIN2              0x100             obj/sta/iot_aes_pub.o
uip_conns           0xa10             obj/sta/tcpip/uip.o
[...]
Memory Configuration

Name             Origin             Length             Attributes
SRAM             0x00000000         0x00010000         axw
ROM              0x00102000         0x00002000         axr
FLASH            0x00500000         0x00100000         axr
FLASH_XIP_STA    0x00530000         0x0000f000         axr
FLASH_OVERLAY_STA 0x0053f000         0x0000f000         axr
*default*        0x00000000         0xffffffff

Linker script and memory map

                0x00102d48                ARC4_Compute = 0x102d48
                0x00103e98                RT_MD5 = 0x103e98
                0x00102de0                RT_SHA1_Hash = 0x102de0
                0x0010252c                aes_mul_e = 0x10252c
                0x001026a4                memmove = 0x1026a4
                0x00103e54                RT_MD5_Init = 0x103e54
                0x0010242c                aes_mul_d = 0x10242c
                0x0010262c                SHA1_K = 0x10262c
                0x001026f0                memcpy = 0x1026f0
                0x00103d48                RT_MD5_End = 0x103d48
                0x0010263c                SHA1_DefaultHashValue = 0x10263c
                0x00103dc0                RT_MD5_Append = 0x103dc0
                0x001031bc                RT_SHA1 = 0x1031bc
                0x001027a0                RT_AES_KeyExpansion = 0x1027a0
                0x00102000                ROMBA = 0x102000
                0x00102cf0                ARC4_INIT = 0x102cf0
                0x00102fd8                RT_SHA1_End = 0x102fd8
                0x00102000                _SDA_BASE_ = 0x102000
                0x001026d4                memcmp = 0x1026d4
                0x0010271c                TKIP_GTK_KEY_WRAP = 0x10271c
                0x00102708                memset = 0x102708
                0x0010202c                aes_sbox_enc = 0x10202c
                0x00102650                MD5_DefaultHashValue = 0x102650
                0x0010222c                aes_mul_9 = 0x10222c
                0x00103178                RT_SHA1_Init = 0x103178
                0x00103ffe                ROMVersion = 0x103ffe
                0x001028ac                RT_AES_Decrypt = 0x1028ac
                0x00102000                aes_rcon = 0x102000
                0x001030e4                RT_SHA1_Append = 0x1030e4
                0x0010232c                aes_mul_b = 0x10232c
                0x00102660                strspn = 0x102660
                0x0010278c                TKIP_GTK_KEY_UNWRAP = 0x10278c
                0x00102da8                ARC4_Discard_KeyLength = 0x102da8
                0x001031fc                RT_MD5_Hash = 0x1031fc
                0x0010212c                aes_sbox_dec = 0x10212c
                0x00102684                strpbrk = 0x102684
                0x00102000                ROM_BASEADDR = 0x102000
                0x00002000                ROM_SIZE = 0x2000
                0x00102000                PROVIDE (_ROM_BASEADDR, ROM_BASEADDR)
                0x00002000                PROVIDE (_ROM_SIZE, ROM_SIZE)
                0x00000000                RAM_BASEADDR = 0x0
                0x00010000                RAM_SIZE = 0x10000
                0x00000000                PROVIDE (_RAM_BASEADDR, RAM_BASEADDR)
                0x00010000                PROVIDE (_RAM_SIZE, RAM_SIZE)
                0x00008000                HALF_SRAM_SIZE = 0x8000
                0x00000000                ILMBA = 0x0
                0x00008000                DLMBA = (0x0 + HALF_SRAM_SIZE)
                0x00102000                ROMBA = 0x102000
                0x00500000                FLASHBA = 0x500000
                0x00000000                PROVIDE (_ILMBA, ILMBA)
                0x00008000                PROVIDE (_DLMBA, DLMBA)
                0x0000ff00                STACK_ORIGIN = 0xff00
                0x00000000                GLOBAL_ORIGIN = ILMBA
                0x0000ff00                PROVIDE (_STACK_ORIGIN, STACK_ORIGIN)
                0x00000000                PROVIDE (_GLOBAL_ORIGIN, GLOBAL_ORIGIN)
                0x00000000                __ilm_start = .
                0x00000000                VECT_SECT_VMA = RAM_BASEADDR

.VECT           0x00000000       0x40
 *(.vector)
 .vector        0x00000000       0x40 cust/vectors.o
                0x00000000                _xcpt_vctr
                0x00000040                . = ALIGN (0x10)
                0x00000040                TEXT_SECT_VMA = .

.TEXT           0x00000040     0x655c
 *(.Xcpt)
 .Xcpt          0x00000040        0x8 cust/ctxsw.o
                0x00000040                sysXcpt
 *(.ctxsw)
 .ctxsw         0x00000048       0x5c cust/ctxsw.o
                0x00000078                sysLoadCtx
                0x00000048                sysCtxSw
 *(.startup)
 .startup       0x000000a4       0x68 cust/startup.o
                0x000000a4                _startup
 *(.text)
 *(.text.*)
 .text.IoT_parse_IWCmd
                0x0000010c        0x4 obj/sta/iot_at_cmd.o
                0x0000010c                IoT_parse_IWCmd
 .text.strchr   0x00000110       0x20 obj/sta/iot_at_cmd_utility.o
                0x00000110                strchr
 .text.split_string_cmd
                0x00000130       0x60 obj/sta/iot_at_cmd_utility.o
                0x00000130                split_string_cmd
 .text.getopt   0x00000190      0x168 obj/sta/iot_at_cmd_utility.o
                0x00000190                getopt
 .text.IoT_Cust_Ops
                0x000002f8       0x44 obj/sta/iot_custom.o
                0x000002f8                IoT_Cust_Ops
 .text.default_uart_cfg
                0x0000033c       0x24 obj/sta/iot_custom.o
                0x0000033c                default_uart_cfg
 .text.IoT_Cust_HW_Timer1_Hdlr
                0x00000360        0x4 obj/sta/iot_custom.o
                0x00000360                IoT_Cust_HW_Timer1_Hdlr
 .text.IoT_Cust_Get_HW_Timer1_TICK_HZ
                0x00000364        0x4 obj/sta/iot_custom.o
                0x00000364                IoT_Cust_Get_HW_Timer1_TICK_HZ
 .text.IoT_Cust_GPIINT_Hdlr
                0x00000368       0x9c obj/sta/iot_custom.o
                0x00000368                IoT_Cust_GPIINT_Hdlr
 .text.IoT_Cust_SM_Smnt
                0x00000404       0x18 obj/sta/iot_custom.o
                0x00000404                IoT_Cust_SM_Smnt
 .text.reset_sta_cfg
                0x0000041c       0x2c obj/sta/iot_custom.o
                0x0000041c                reset_sta_cfg
 .text.default_ip_cfg
                0x00000448       0x30 obj/sta/iot_custom.o
                0x00000448                default_ip_cfg
 .text.reset_cfg
                0x00000478       0x30 obj/sta/iot_custom.o
                0x00000478                reset_cfg
 .text.Pre_init_cfg
                0x000004a8       0x58 obj/sta/iot_custom.o
                0x000004a8                Pre_init_cfg
 .text.CustTimer0TimeoutAction
                0x00000500       0x24 obj/sta/iot_custom.o
                0x00000500                CustTimer0TimeoutAction
 .text.IoT_Cust_Init
                0x00000524       0x5c obj/sta/iot_custom.o
                0x00000524                IoT_Cust_Init
 .text.IoT_Cust_Sub_Task
                0x00000580       0x18 obj/sta/iot_custom.o
                0x00000580                IoT_Cust_Sub_Task
 .text.IoT_process_app_packet
                0x00000598       0xfc obj/sta/iot_parse.o
                0x00000598                IoT_process_app_packet
 .text.UARTRx_Buf_Init
                0x00000694       0x24 obj/sta/iot_uart_rb.o
                0x00000694                UARTRx_Buf_Init
 .text.UART_Tx_Cb
                0x000006b8        0x4 obj/sta/iot_uart_rb.o
                0x000006b8                UART_Tx_Cb
 .text.uart_rb_init
                0x000006bc       0x20 obj/sta/iot_uart_rb.o
                0x000006bc                uart_rb_init
 .text.uart_rb_pop
                0x000006dc       0x24 obj/sta/iot_uart_rb.o
                0x000006dc                uart_rb_pop
 .text.uart_rb_push
                0x00000700       0x24 obj/sta/iot_uart_rb.o
                0x00000700                uart_rb_push
 .text.uart_get_avail
                0x00000724       0x1c obj/sta/iot_uart_rb.o
                0x00000724                uart_get_avail
 .text.UART_Rx_Packet_Dispatch
                0x00000740       0xd8 obj/sta/iot_uart_rb.o
                0x00000740                UART_Rx_Packet_Dispatch
 .text.UART_GetByte
                0x00000818       0x3c obj/sta/iot_uart_rb.o
                0x00000818                UART_GetByte
 .text.UART_Rx_Cb
                0x00000854      0x1cc obj/sta/iot_uart_rb.o
                0x00000854                UART_Rx_Cb
 .text.UART_PutBytes
                0x00000a20       0xe8 obj/sta/iot_uart_rb.o
                0x00000a20                UART_PutBytes
 .text.main     0x00000b08       0x88 obj/sta/main_pub.o
                0x00000b08                main
 .text.DelayTick
                0x00000b90        0xc obj/sta/misc_pub.o
                0x00000b90                DelayTick
 .text.usecDelay
                0x00000b9c       0x4c obj/sta/misc_pub.o
                0x00000b9c                usecDelay
 .text.msecDelay
                0x00000be8       0x54 obj/sta/misc_pub.o
                0x00000be8                msecDelay
 .text.RxFsIntFilterOut
                0x00000c3c       0x84 obj/sta/rtmp_data_pub.o
                0x00000c3c                RxFsIntFilterOut
 .text.STAHandleRxDataFrame
                0x00000cc0       0xf0 obj/sta/rtmp_data_pub.o
                0x00000cc0                STAHandleRxDataFrame
 .text.BeaconTimeoutAction
                0x00000db0       0x1c obj/sta/rtmp_data_pub.o
                0x00000db0                BeaconTimeoutAction
 .text.RestartBCNTimer
                0x00000dcc       0x34 obj/sta/rtmp_data_pub.o
                0x00000dcc                RestartBCNTimer
 .text.STAHandleRxMgmtFrame
                0x00000e00       0xd8 obj/sta/rtmp_data_pub.o
                0x00000e00                STAHandleRxMgmtFrame
 .text.STARxDoneInterruptHandle
                0x00000ed8       0xe8 obj/sta/rtmp_data_pub.o
                0x00000ed8                STARxDoneInterruptHandle
 .text.spi_flash_page_write
                0x00000fc0       0x88 obj/sta/spi-flash_pub.o
 .text.spi_flash_write_func
                0x00001048       0x94 obj/sta/spi-flash_pub.o
                0x00001048                spi_flash_write_func
 .text.spi_flash_erase_SE
                0x000010dc       0x6c obj/sta/spi-flash_pub.o
                0x000010dc                spi_flash_erase_SE
 .text.spi_flash_write
                0x00001148      0x19c obj/sta/spi-flash_pub.o
                0x00001148                spi_flash_write
 .text.clock_time
                0x000012e4       0x24 obj/sta/tcpip/clock-arch.o
                0x000012e4                clock_time
 .text.dhcpc_set_state
                0x00001308        0xc obj/sta/tcpip/dhcpc.o
                0x00001308                dhcpc_set_state
 .text.handle_dhcp
                0x00001314       0x34 obj/sta/tcpip/dhcpc.o
                0x00001314                handle_dhcp
 .text.iot_tcp_appcall
                0x00001348      0x200 obj/sta/tcpip/iot_tcp_app.o
                0x00001348                iot_tcp_appcall
 .text.iot_tcp_app_init
                0x00001548       0x74 obj/sta/tcpip/iot_tcp_app.o
                0x00001548                iot_tcp_app_init
 .text.iot_udp_appcall
                0x000015bc       0x4c obj/sta/tcpip/iot_udp_app.o
                0x000015bc                iot_udp_appcall
 .text.iot_udp_app_init
                0x00001608       0x2c obj/sta/tcpip/iot_udp_app.o
                0x00001608                iot_udp_app_init
 .text.mt76xx_dev_init
                0x00001634        0x4 obj/sta/tcpip/mt76xx_dev.o
                0x00001634                mt76xx_dev_init
 .text.mt76xx_dev_read
                0x00001638       0x2c obj/sta/tcpip/mt76xx_dev.o
                0x00001638                mt76xx_dev_read
 .text.mt76xx_dev_send
                0x00001664       0x60 obj/sta/tcpip/mt76xx_dev.o
                0x00001664                mt76xx_dev_send
 .text.resolv_lookup
                0x000016c4       0x5c obj/sta/tcpip/resolv.o
                0x000016c4                resolv_lookup
 .text.resolv_query
                0x00001720       0x84 obj/sta/tcpip/resolv.o
                0x00001720                resolv_query
 .text.udp_server_sample
                0x000017a4       0xf8 obj/sta/tcpip/sample_udp_server.o
                0x000017a4                udp_server_sample
 .text.udp_server_init
                0x0000189c       0x24 obj/sta/tcpip/sample_udp_server.o
                0x0000189c                udp_server_init
 .text.dhcpc_configured
                0x000018c0       0x4c obj/sta/tcpip/tcpip_main.o
                0x000018c0                dhcpc_configured
 .text.tcpip_periodic_timer
                0x0000190c      0x1d4 obj/sta/tcpip/tcpip_main.o
                0x0000190c                tcpip_periodic_timer
 .text.netif_rx
                0x00001ae0       0xb0 obj/sta/tcpip/tcpip_main.o
                0x00001ae0                netif_rx
 .text.tcpip_init
                0x00001b90       0x38 obj/sta/tcpip/tcpip_main.o
                0x00001b90                tcpip_init
 .text.uip_add32
                0x00001bc8       0x5c obj/sta/tcpip/uip.o
                0x00001bc8                uip_add32
 .text.chksum   0x00001c24       0x40 obj/sta/tcpip/uip.o
 .text.uip_ipchksum
                0x00001c64       0x3c obj/sta/tcpip/uip.o
                0x00001c64                uip_ipchksum
 .text.upper_layer_chksum
                0x00001ca0       0x5c obj/sta/tcpip/uip.o
 .text.uip_tcpchksum
                0x00001cfc       0x1c obj/sta/tcpip/uip.o
                0x00001cfc                uip_tcpchksum
 .text.uip_udpchksum
                0x00001d18       0x1c obj/sta/tcpip/uip.o
                0x00001d18                uip_udpchksum
 .text.uip_add_rcv_nxt
                0x00001d34       0x4c obj/sta/tcpip/uip.o
 .text.htons    0x00001d80       0x14 obj/sta/tcpip/uip.o
                0x00001d80                htons
 .text.uip_process
                0x00001d94       0x34 obj/sta/tcpip/uip.o
                0x00001d94                uip_process
 .text.uip_arp_update
                0x00001dc8      0x12c obj/sta/tcpip/uip_arp.o
 .text.uip_arp_arpin
                0x00001ef4      0x118 obj/sta/tcpip/uip_arp.o
                0x00001ef4                uip_arp_arpin
 .text.uip_arp_out
                0x0000200c      0x1f8 obj/sta/tcpip/uip_arp.o
                0x0000200c                uip_arp_out
 .text.uip_arp_timer
                0x00002204       0x74 obj/sta/tcpip/uip_arp.o
                0x00002204                uip_arp_timer
 .text.timer_reset
                0x00002278        0xc obj/sta/tcpip/uip_timer.o
                0x00002278                timer_reset
 .text.timer_expired
                0x00002284       0x24 obj/sta/tcpip/uip_timer.o
                0x00002284                timer_expired
 .text.timer_set
                0x000022a8       0x1c obj/sta/tcpip/uip_timer.o
                0x000022a8                timer_set
 .text.uiplib_ipaddrconv
                0x000022c4       0x60 obj/sta/tcpip/uiplib.o
                0x000022c4                uiplib_ipaddrconv
 .text.copy_string
                0x00002324       0x20 obj/sta/tcpip/webclient.o
 .text.senddata
                0x00002344       0xe0 obj/sta/tcpip/webclient.o
                0x00002344                senddata
 .text.T.32     0x00002424       0x4c obj/sta/tcpip/webclient.o
 .text.newdata  0x00002470      0x298 obj/sta/tcpip/webclient.o
                0x00002470                newdata
 .text.webclient_appcall
                0x00002708      0x124 obj/sta/tcpip/webclient.o
                0x00002708                webclient_appcall
 .text.setFlagVfyInit
                0x0000282c       0x10 obj/sta/wifi_task_pub.o
                0x0000282c                setFlagVfyInit
 .text.CustomExtraCheckForPS
                0x0000283c        0x4 obj/sta/wifi_task_pub.o
                0x0000283c                CustomExtraCheckForPS
 .text.ws_goto_smnt
                0x00002840       0x34 obj/sta/wifi_task_pub.o
                0x00002840                ws_goto_smnt
 .text.ws_init  0x00002874       0x7c obj/sta/wifi_task_pub.o
                0x00002874                ws_init
 .text.ws_smt_conn
                0x000028f0       0x2c obj/sta/wifi_task_pub.o
                0x000028f0                ws_smt_conn
 .text.wifi_state_machine
                0x0000291c       0xa8 obj/sta/wifi_task_pub.o
                0x0000291c                wifi_state_machine
 .text.wifi_rx_proc
                0x000029c4       0x5c obj/sta/wifi_task_pub.o
                0x000029c4                wifi_rx_proc
 .text.wifiTASK_LowPrioTask
                0x00002a20       0xc8 obj/sta/wifi_task_pub.o
                0x00002a20                wifiTASK_LowPrioTask
 .text.overlayunload
                0x00002ae8       0x7c ./libandessta.a(xip_ovly.o)
                0x00002ae8                overlayunload
 .text.overlaycopy
                0x00002b64       0x18 ./libandessta.a(xip_ovly.o)
                0x00002b64                overlaycopy
 .text.overlayload
                0x00002b7c       0xc8 ./libandessta.a(xip_ovly.o)
                0x00002b7c                overlayload
 .text.cnmTimerInitTimer
                0x00002c44       0x10 ./libandessta.a(cnm_timer.o)
                0x00002c44                cnmTimerInitTimer
 .text.cnmTimerStopTimer
                0x00002c54       0x40 ./libandessta.a(cnm_timer.o)
                0x00002c54                cnmTimerStopTimer
 .text.cnmTimerSetTimer
                0x00002c94       0x3c ./libandessta.a(cnm_timer.o)
 .text.cnmTimerDoTimeOutCheck
                0x00002cd0       0xb4 ./libandessta.a(cnm_timer.o)
                0x00002cd0                cnmTimerDoTimeOutCheck
 .text.cnmTimerStartTimer
                0x00002d84       0x98 ./libandessta.a(cnm_timer.o)
                0x00002d84                cnmTimerStartTimer
 .text.IoT_gpio_output
                0x00002e1c       0xac ./libandessta.a(iot_io_cmd.o)
                0x00002e1c                IoT_gpio_output
 .text.IoT_gpio_output_noSwap
                0x00002ec8       0x28 ./libandessta.a(iot_io_cmd.o)
                0x00002ec8                IoT_gpio_output_noSwap
 .text.IoT_gpio_batch_modify_output_value
                0x00002ef0       0x3c ./libandessta.a(iot_io_cmd.o)
                0x00002ef0                IoT_gpio_batch_modify_output_value
 .text.IoT_gpio_input
                0x00002f2c       0x94 ./libandessta.a(iot_io_cmd.o)
                0x00002f2c                IoT_gpio_input
 .text.IoT_software_pwm_handler
                0x00002fc0       0xd0 ./libandessta.a(iot_io_cmd.o)
                0x00002fc0                IoT_software_pwm_handler
 .text.IoT_software_pwm_init
                0x00003090       0x28 ./libandessta.a(iot_io_cmd.o)
                0x00003090                IoT_software_pwm_init
 .text.IoT_uart_output
                0x000030b8       0x18 ./libandessta.a(iot_io_cmd.o)
                0x000030b8                IoT_uart_output
 .text.apiQU_Dequeue
                0x000030d0       0x44 ./libandessta.a(queue.o)
                0x000030d0                apiQU_Dequeue
 .text.apiQU_Enqueue
                0x00003114       0x40 ./libandessta.a(queue.o)
                0x00003114                apiQU_Enqueue
 .text.PeerDisassocAction
                0x00003154       0x44 ./libandessta.a(assoc.o)
                0x00003154                PeerDisassocAction
 .text.NullFrameTimeoutAction
                0x00003198       0x20 ./libandessta.a(assoc.o)
                0x00003198                NullFrameTimeoutAction
 .text.PeerAssocRspAction
                0x000031b8       0x44 ./libandessta.a(assoc.o)
                0x000031b8                PeerAssocRspAction
 .text.MlmeAssocProcess
                0x000031fc       0x58 ./libandessta.a(assoc.o)
                0x000031fc                MlmeAssocProcess
 .text.MlmeAssocReqAction
                0x00003254       0x3c ./libandessta.a(assoc.o)
                0x00003254                MlmeAssocReqAction
 .text.MlmeAuthProcess
                0x00003290       0x34 ./libandessta.a(auth.o)
                0x00003290                MlmeAuthProcess
 .text.AUTH_ReqSend
                0x000032c4       0x50 ./libandessta.a(auth.o)
                0x000032c4                AUTH_ReqSend
 .text.AuthTimeoutAction
                0x00003314       0x58 ./libandessta.a(auth.o)
                0x00003314                AuthTimeoutAction
 .text.sysDelay1u
                0x0000336c       0x10 ./libandessta.a(chip_init.o)
 .text.clean_key_tb
                0x0000337c       0x50 ./libandessta.a(chip_init.o)
                0x0000337c                clean_key_tb
 .text.MT7681_ReadEEPROM
                0x000033cc       0x50 ./libandessta.a(chip_init.o)
                0x000033cc                MT7681_ReadEEPROM
 .text.rtmp_bbp_is_ready
                0x0000341c       0x58 ./libandessta.a(chip_init.o)
                0x0000341c                rtmp_bbp_is_ready
 .text.WPAInstallSharedKey
                0x00003474       0x54 ./libandessta.a(cmm_wpa.o)
                0x00003474                WPAInstallSharedKey
 .text.RTMPParseEapolKeyData
                0x000034c8       0x50 ./libandessta.a(cmm_wpa.o)
                0x000034c8                RTMPParseEapolKeyData
 .text.CalculateMIC
                0x00003518       0x3c ./libandessta.a(cmm_wpa.o)
                0x00003518                CalculateMIC
 .text.ConstructEapolKeyData
                0x00003554       0x5c ./libandessta.a(cmm_wpa.o)
                0x00003554                ConstructEapolKeyData
 .text.ConstructEapolMsg
                0x000035b0       0x60 ./libandessta.a(cmm_wpa.o)
                0x000035b0                ConstructEapolMsg
 .text.PRF      0x00003610       0xb4 ./libandessta.a(cmm_wpa.o)
                0x00003610                PRF
 .text.GenRandom
                0x000036c4       0x74 ./libandessta.a(cmm_wpa.o)
                0x000036c4                GenRandom
 .text.WpaDerivePTK
                0x00003738       0x50 ./libandessta.a(cmm_wpa.o)
                0x00003738                WpaDerivePTK
 .text.PeerWpaMessageSanity
                0x00003788       0x44 ./libandessta.a(cmm_wpa.o)
                0x00003788                PeerWpaMessageSanity
 .text.PeerGroupMsg1Action
                0x000037cc       0x3c ./libandessta.a(cmm_wpa.o)
                0x000037cc                PeerGroupMsg1Action
 .text.PeerPairMsg3Action
                0x00003808       0x3c ./libandessta.a(cmm_wpa.o)
                0x00003808                PeerPairMsg3Action
 .text.PeerPairMsg1Action
                0x00003844       0x3c ./libandessta.a(cmm_wpa.o)
                0x00003844                PeerPairMsg1Action
 .text.WpaEAPOLKeyAction
                0x00003880       0xd4 ./libandessta.a(cmm_wpa.o)
                0x00003880                WpaEAPOLKeyAction
 .text.AES_Key_Unwrap
                0x00003954      0x174 ./libandessta.a(crypt_aes.o)
                0x00003954                AES_Key_Unwrap
 .text.RT_HMAC_MD5
                0x00003ac8      0x134 ./libandessta.a(crypt_hmac.o)
                0x00003ac8                RT_HMAC_MD5
 .text.RT_HMAC_SHA1
                0x00003bfc      0x134 ./libandessta.a(crypt_hmac.o)
                0x00003bfc                RT_HMAC_SHA1
 .text.RTMPCheckRxError
                0x00003d30       0x14 ./libandessta.a(rtmp_data.o)
                0x00003d30                RTMPCheckRxError
 .text.FCETXIdleCheckForPS
                0x00003d44       0x40 ./libandessta.a(rtmp_data.o)
                0x00003d44                FCETXIdleCheckForPS
 .text.UARTIdleCheckForPS
                0x00003d84       0x34 ./libandessta.a(rtmp_data.o)
                0x00003d84                UARTIdleCheckForPS
 .text.FCERXCheckForPS
                0x00003db8       0x3c ./libandessta.a(rtmp_data.o)
                0x00003db8                FCERXCheckForPS
 .text.UARTTRTimeUpdate
                0x00003df4       0x28 ./libandessta.a(rtmp_data.o)
                0x00003df4                UARTTRTimeUpdate
 .text.STASleepTime
                0x00003e1c       0xe0 ./libandessta.a(rtmp_data.o)
                0x00003e1c                STASleepTime
 .text.RTMPRawDataSanity
                0x00003efc       0xd8 ./libandessta.a(rtmp_data.o)
                0x00003efc                RTMPRawDataSanity
 .text.STAPowerSavingNULL
                0x00003fd4       0x60 ./libandessta.a(rtmp_data.o)
                0x00003fd4                STAPowerSavingNULL
 .text.STAPowerSaving
                0x00004034       0xe8 ./libandessta.a(rtmp_data.o)
                0x00004034                STAPowerSaving
 .text.STACheckRxDataForPS
                0x0000411c       0xd0 ./libandessta.a(rtmp_data.o)
                0x0000411c                STACheckRxDataForPS
 .text.STACheckRxBeaconForPS
                0x000041ec       0xc4 ./libandessta.a(rtmp_data.o)
                0x000041ec                STACheckRxBeaconForPS
 .text.RTMPWriteTxWI_Mgmt
                0x000042b0       0xac ./libandessta.a(rtmp_data.o)
                0x000042b0                RTMPWriteTxWI_Mgmt
 .text.WriteSingleTxResource
                0x0000435c       0x48 ./libandessta.a(rtmp_data.o)
                0x0000435c                WriteSingleTxResource
 .text.RTMPZeroMemory
                0x000043a4       0x14 ./libandessta.a(rtmp_general.o)
                0x000043a4                RTMPZeroMemory
 .text.RTMPCompareMemory
                0x000043b8       0x28 ./libandessta.a(rtmp_general.o)
                0x000043b8                RTMPCompareMemory
 .text.GetTimBit
                0x000043e0       0x84 ./libandessta.a(rtmp_general.o)
                0x000043e0                GetTimBit
 .text.PeerBeaconAdvPwrSavingSanity
                0x00004464       0xcc ./libandessta.a(rtmp_general.o)
                0x00004464                PeerBeaconAdvPwrSavingSanity
 .text.MgtMacHeaderInit
                0x00004530       0x78 ./libandessta.a(rtmp_general.o)
                0x00004530                MgtMacHeaderInit
 .text.MakeOutgoingFrame
                0x000045a8       0x4c ./libandessta.a(rtmp_general.o)
                0x000045a8                MakeOutgoingFrame
 .text.OS_WAIT  0x000045f4       0x18 ./libandessta.a(rtmp_general.o)
                0x000045f4                OS_WAIT
 .text.NextChannel
                0x0000460c       0x20 ./libandessta.a(scan.o)
                0x0000460c                NextChannel
 .text.get_cent_ch_by_htinfo
                0x0000462c       0x3c ./libandessta.a(scan.o)
                0x0000462c                get_cent_ch_by_htinfo
 .text.RTMPCheckHt
                0x00004668       0xfc ./libandessta.a(scan.o)
                0x00004668                RTMPCheckHt
 .text.PeerBeaconAtScanAction
                0x00004764       0x44 ./libandessta.a(scan.o)
                0x00004764                PeerBeaconAtScanAction
 .text.SMTCNGetInfo
                0x000047a8       0x34 ./libandessta.a(smtcn.o)
                0x000047a8                SMTCNGetInfo
 .text.SMTCNParsingMulticast
                0x000047dc       0x50 ./libandessta.a(smtcn.o)
                0x000047dc                SMTCNParsingMulticast
 .text.RTMP_EnableTxRx
                0x0000482c       0x10 ./libandessta.a(wow.o)
                0x0000482c                RTMP_EnableTxRx
 .text.rtmp_eep_read16
                0x0000483c       0x20 ./libandessta.a(ee_efuse.o)
                0x0000483c                rtmp_eep_read16
 .text.drvFCE_RegisterIntHdlr
                0x0000485c       0x34 ./libandessta.a(fce.o)
                0x0000485c                drvFCE_RegisterIntHdlr
 .text.drvFCE_IntHdlr
                0x00004890       0x8c ./libandessta.a(fce.o)
                0x00004890                drvFCE_IntHdlr
 .text.PdmaVrPortIntHdlr
                0x0000491c       0xf4 ./libandessta.a(pdma.o)
                0x0000491c                PdmaVrPortIntHdlr
 .text.PdmaVtPortIntHdlr
                0x00004a10      0x100 ./libandessta.a(pdma.o)
                0x00004a10                PdmaVtPortIntHdlr
 .text.PdmaTxTsHdlr
                0x00004b10       0x70 ./libandessta.a(pdma.o)
                0x00004b10                PdmaTxTsHdlr
 .text.TxTsIntHdlr
                0x00004b80       0x18 ./libandessta.a(pdma.o)
                0x00004b80                TxTsIntHdlr
 .text.PdmaRxFsHdlr
                0x00004b98      0x108 ./libandessta.a(pdma.o)
                0x00004b98                PdmaRxFsHdlr
 .text.RxFsIntHdlr
                0x00004ca0       0x18 ./libandessta.a(pdma.o)
                0x00004ca0                RxFsIntHdlr
 .text.SPI_REG8
                0x00004cb8       0x10 ./libandessta.a(spi-flash.o)
                0x00004cb8                SPI_REG8
 .text.SPI_READOUT
                0x00004cc8        0xc ./libandessta.a(spi-flash.o)
                0x00004cc8                SPI_READOUT
 .text.WAIT_OP_DONE_PUB
                0x00004cd4       0x10 ./libandessta.a(spi-flash.o)
                0x00004cd4                WAIT_OP_DONE_PUB
 .text.spi_flash_read
                0x00004ce4       0x28 ./libandessta.a(spi-flash.o)
                0x00004ce4                spi_flash_read
 .text.drvTMR_Init
                0x00004d0c       0x14 ./libandessta.a(timer.o)
                0x00004d0c                drvTMR_Init
 .text.kal_get_systime
                0x00004d20        0xc ./libandessta.a(timer.o)
                0x00004d20                kal_get_systime
 .text.kal_delay_time
                0x00004d2c       0x1c ./libandessta.a(timer.o)
                0x00004d2c                kal_delay_time
 .text.kal_stop_timer
                0x00004d48       0x84 ./libandessta.a(timer.o)
                0x00004d48                kal_stop_timer
 .text.kal_start_timer
                0x00004dcc      0x104 ./libandessta.a(timer.o)
                0x00004dcc                kal_start_timer
 .text.SwTimerHandler
                0x00004ed0       0x30 ./libandessta.a(timer.o)
                0x00004ed0                SwTimerHandler
 .text.hw_timer1_IntHdler
                0x00004f00       0x3c ./libandessta.a(timer.o)
                0x00004f00                hw_timer1_IntHdler
 .text.drvTMR_IntHdler
                0x00004f3c       0x4c ./libandessta.a(timer.o)
                0x00004f3c                drvTMR_IntHdler
 .text.UART_PutUARTByte
                0x00004f88       0x20 ./libandessta.a(uart.o)
                0x00004f88                UART_PutUARTByte
 .text._UART_GetByte
                0x00004fa8       0x24 ./libandessta.a(uart.o)
                0x00004fa8                _UART_GetByte
 .text.UART_RecHandler
                0x00004fcc       0x44 ./libandessta.a(uart.o)
                0x00004fcc                UART_RecHandler
 .text.UART_TrxHandler
                0x00005010       0xc4 ./libandessta.a(uart.o)
                0x00005010                UART_TrxHandler
 .text.UART_LISR
                0x000050d4       0x54 ./libandessta.a(uart.o)
                0x000050d4                UART_LISR
 .text.UART_EnableTX
                0x00005128       0x38 ./libandessta.a(uart.o)
                0x00005128                UART_EnableTX
 .text.UART_DisableTX
                0x00005160       0x3c ./libandessta.a(uart.o)
                0x00005160                UART_DisableTX
 .text.UART_EnableRX
                0x0000519c       0x38 ./libandessta.a(uart.o)
                0x0000519c                UART_EnableRX
 .text.UART_DisableRX
                0x000051d4       0x3c ./libandessta.a(uart.o)
                0x000051d4                UART_DisableRX
 .text.sysXCPT_XcptHdlr
                0x00005210       0x18 ./libandessta.a(xcpt.o)
                0x00005210                sysXCPT_XcptHdlr
 .text.sysXCPT_ResetXcptHdlr
                0x00005228        0x4 ./libandessta.a(xcpt.o)
 .text.sysXCPT_TlbFillXcptHdlr
                0x0000522c        0x4 ./libandessta.a(xcpt.o)
 .text.sysXCPT_PteNotPresentXcptHdlr
                0x00005230        0x4 ./libandessta.a(xcpt.o)
 .text.sysXCPT_TlbMiscXcptHdlr
                0x00005234        0x4 ./libandessta.a(xcpt.o)
 .text.sysXCPT_TlbVlptMissXcptHdlr
                0x00005238        0x4 ./libandessta.a(xcpt.o)
 .text.sysXCPT_MachineErrXcptHdlr
                0x0000523c        0x4 ./libandessta.a(xcpt.o)
 .text.sysXCPT_DebugRelatedXcptHdlr
                0x00005240        0x4 ./libandessta.a(xcpt.o)
 .text.sysXCPT_GeneralXcptHdlr
                0x00005244        0x4 ./libandessta.a(xcpt.o)
 .text.sysXCPT_SysCallXcptHdlr
                0x00005248        0x4 ./libandessta.a(xcpt.o)
 .text.sysXCPT_Hw0IntrHdlr
                0x0000524c        0x4 ./libandessta.a(xcpt.o)
 .text.sysXCPT_Hw1IntrHdlr
                0x00005250        0x4 ./libandessta.a(xcpt.o)
 .text.sysXCPT_Hw2IntrHdlr
                0x00005254        0x4 ./libandessta.a(xcpt.o)
 .text.sysXCPT_Hw3IntrHdlr
                0x00005258        0x4 ./libandessta.a(xcpt.o)
 .text.sysXCPT_Hw4IntrHdlr
                0x0000525c        0x4 ./libandessta.a(xcpt.o)
 .text.sysXCPT_Hw5IntrHdlr
                0x00005260        0x4 ./libandessta.a(xcpt.o)
 .text.sysXCPT_SwIntrHdlr
                0x00005264        0x4 ./libandessta.a(xcpt.o)
 .text.sysKernelStart
                0x00005268       0x18 ./libandessta.a(initial.o)
                0x00005268                sysKernelStart
 .text.SYSirq_Disable_Interrupts_Save_Flags
                0x00005280       0x14 ./libandessta.a(mutex.o)
                0x00005280                SYSirq_Disable_Interrupts_Save_Flags
 .text.SYSirq_Interrupts_Restore_Flags
                0x00005294       0x18 ./libandessta.a(mutex.o)
                0x00005294                SYSirq_Interrupts_Restore_Flags
 .text.sysTASK_LowPrioTask
                0x000052ac       0x28 ./libandessta.a(task.o)
                0x000052ac                sysTASK_LowPrioTask
 .text.sysTASK_DeassertSignal
                0x000052d4       0x44 ./libandessta.a(task.o)
                0x000052d4                sysTASK_DeassertSignal
 .text.sysTASK_AssertSignal
                0x00005318       0x40 ./libandessta.a(task.o)
                0x00005318                sysTASK_AssertSignal
 .text.apiInitListEntry
                0x00005358        0x8 ./libandessta.a(list.o)
                0x00005358                apiInitListEntry
 .text.apiInsertListEntry
                0x00005360        0xc ./libandessta.a(list.o)
                0x00005360                apiInsertListEntry
 .text.apiInsertTailEntry
                0x0000536c       0x20 ./libandessta.a(list.o)
                0x0000536c                apiInsertTailEntry
 .text.apiRemoveHeadEntry
                0x0000538c       0x1c ./libandessta.a(list.o)
                0x0000538c                apiRemoveHeadEntry
 .text.apiRand  0x000053a8       0x1c ./libandessta.a(random.o)
                0x000053a8                apiRand
 .text.vsprintf_help
                0x000053c4        0xc ./libandessta.a(printf.o)
 .text.vprintf  0x000053d0       0x24 ./libandessta.a(printf.o)
                0x000053d0                vprintf
 .text.Printf_High
                0x000053f4       0x34 ./libandessta.a(printf.o)
                0x000053f4                Printf_High
 .text.vsprintf
                0x00005428       0x2c ./libandessta.a(printf.o)
                0x00005428                vsprintf
 .text.sprintf  0x00005454       0x24 ./libandessta.a(printf.o)
                0x00005454                sprintf
 .text.vprintf_help
                0x00005478       0x1c ./libandessta.a(printf.o)
 .text.malloc   0x00005494       0x14 ./libandessta.a(stdlib.o)
                0x00005494                malloc
 .text.free     0x000054a8       0x14 ./libandessta.a(stdlib.o)
                0x000054a8                free
 .text.strcmp   0x000054bc       0x20 ./libandessta.a(strcmp.o)
                0x000054bc                strcmp
 .text.strncmp  0x000054dc       0x24 ./libandessta.a(strcmp.o)
                0x000054dc                strncmp
 .text.strcpy   0x00005500       0x14 ./libandessta.a(strcpy.o)
                0x00005500                strcpy
 .text.strncpy  0x00005514       0x1c ./libandessta.a(strcpy.o)
                0x00005514                strncpy
 .text.strlen   0x00005530       0x10 ./libandessta.a(strlen.o)
                0x00005530                strlen
 .text.__toupper
                0x00005540       0x1c ./libandessta.a(vsprintf.o)
 .text.simple_strtoul
                0x0000555c       0xe4 ./libandessta.a(vsprintf.o)
                0x0000555c                simple_strtoul
 .text.simple_strtol
                0x00005640       0x2c ./libandessta.a(vsprintf.o)
                0x00005640                simple_strtol
 .text.drvMCUCTL_IntrHdlr
                0x0000566c       0xc4 ./libandessta.a(mcuctl.o)
                0x0000566c                drvMCUCTL_IntrHdlr
 .text.sysDelayxu
                0x00005730       0x18 ./libandessta.a(mt7681_ChSw.o)
 .text.RF_READ  0x00005748       0xb8 ./libandessta.a(mt7681_ChSw.o)
                0x00005748                RF_READ
 .text.RF_WRITE
                0x00005800       0x84 ./libandessta.a(mt7681_ChSw.o)
                0x00005800                RF_WRITE
 .text.RF_WRITE8
                0x00005884       0x20 ./libandessta.a(mt7681_ChSw.o)
                0x00005884                RF_WRITE8
 .text.BBP_READ
                0x000058a4       0x78 ./libandessta.a(mt7681_ChSw.o)
                0x000058a4                BBP_READ
 .text.BBP_WRITE
                0x0000591c       0x54 ./libandessta.a(mt7681_ChSw.o)
                0x0000591c                BBP_WRITE
 .text.Config_ChannelInfo
                0x00005970       0x54 ./libandessta.a(mt7681_ChSw.o)
                0x00005970                Config_ChannelInfo
 .text.CaliPeriodExec
                0x000059c4       0x40 ./libandessta.a(mt7681_ChSw.o)
                0x000059c4                CaliPeriodExec
 .text.T.215    0x00005a04       0x58 ./libandessta.a(mt7681_ChSw.o)
 .text.drvPBF_IntHdler
                0x00005a5c       0x18 ./libandessta.a(wifi_ps.o)
                0x00005a5c                drvPBF_IntHdler
 .text.PMU_Ctrl
                0x00005a74      0x5b4 ./libandessta.a(wifi_ps.o)
                0x00005a74                PMU_Ctrl
 .text.LowPower
                0x00006028       0xa0 ./libandessta.a(wifi_ps.o)
                0x00006028                LowPower
 .text.GetQueueInfo
                0x000060c8        0xc ./libandessta.a(wifi_task.o)
                0x000060c8                GetQueueInfo
 .text.GetFceIntStat
                0x000060d4        0xc ./libandessta.a(wifi_task.o)
                0x000060d4                GetFceIntStat
 .text.GetMsTimer
                0x000060e0        0xc ./libandessta.a(wifi_task.o)
                0x000060e0                GetMsTimer
 .text.StorePhyMode
                0x000060ec        0xc ./libandessta.a(wifi_task.o)
                0x000060ec                StorePhyMode
 .text.GetClearFrameFlag
                0x000060f8        0xc ./libandessta.a(wifi_task.o)
                0x000060f8                GetClearFrameFlag
 .text.handle_FCE_interrupt
                0x00006104       0x64 ./libandessta.a(wifi_task.o)
                0x00006104                handle_FCE_interrupt
 .text.BtoH     0x00006168       0x34 ./libandessta.a(cmm_wep.o)
                0x00006168                BtoH
 .text.AtoH     0x0000619c       0x44 ./libandessta.a(cmm_wep.o)
                0x0000619c                AtoH
 .text.drvGPIO_IntHdler
                0x000061e0       0x44 ./libandessta.a(led.o)
                0x000061e0                drvGPIO_IntHdler
 .text.T.3      0x00006224       0x48 ./libandessta.a(led.o)
 .text.do_printf
                0x0000626c      0x2e8 ./libandessta.a(do_printf.o)
                0x0000626c                do_printf
 .text.fputc    0x00006554       0x2c ./libandessta.a(fputs.o)
                0x00006554                fputc
 .text.putchar  0x00006580       0x1c ./libandessta.a(fputs.o)
                0x00006580                putchar

.rela.dyn       0x0000659c        0x0
 .rela.text.AES_CBC_Decrypt
                0x00000000        0x0 obj/sta/iot_aes_pub.o
 .rela.text.AES_ECB_DecryTest
                0x00000000        0x0 obj/sta/iot_aes_pub.o
 .rela.text.AES_CBC_Encrypt
                0x00000000        0x0 obj/sta/iot_aes_pub.o
 .rela.text.AES_ECB_EncryTest
                0x00000000        0x0 obj/sta/iot_aes_pub.o
 .rela.rodata.cst4
                0x00000000        0x0 obj/sta/iot_aes_pub.o
 .rela.text.AES_Sample
                0x00000000        0x0 obj/sta/iot_aes_pub.o
 .rela.xipsec0  0x00000000        0x0 obj/sta/iot_aes_pub.o
 .rela.text.getopt
                0x00000000        0x0 obj/sta/iot_aes_pub.o
 .rela.text.IoT_Cust_Ops
                0x00000000        0x0 obj/sta/iot_aes_pub.o
 .rela.text.default_boot_cfg
                0x00000000        0x0 obj/sta/iot_aes_pub.o
 .rela.text.default_uart_cfg
                0x00000000        0x0 obj/sta/iot_aes_pub.o
 .rela.text.IoT_Cust_GPIINT_Hdlr
                0x00000000        0x0 obj/sta/iot_aes_pub.o
 .rela.text.IoT_Cust_SM_Smnt
                0x00000000        0x0 obj/sta/iot_aes_pub.o
 .rela.text.reset_ap_cfg
                0x00000000        0x0 obj/sta/iot_aes_pub.o
 .rela.text.reset_sta_cfg
                0x00000000        0x0 obj/sta/iot_aes_pub.o
 .rela.text.default_ip_cfg
                0x00000000        0x0 obj/sta/iot_aes_pub.o
 .rela.text.Pre_init_cfg
                0x00000000        0x0 obj/sta/iot_aes_pub.o
 .rela.text.CustTimer0TimeoutAction
                0x00000000        0x0 obj/sta/iot_aes_pub.o
 .rela.text.IoT_Cust_Init
                0x00000000        0x0 obj/sta/iot_aes_pub.o
 .rela.text.IoT_Cust_Sub_Task
                0x00000000        0x0 obj/sta/iot_aes_pub.o
 .rela.text.IoT_process_app_packet
                0x00000000        0x0 obj/sta/iot_aes_pub.o
 .rela.text.UARTRx_Buf_Init
                0x00000000        0x0 obj/sta/iot_aes_pub.o
 .rela.text.uart_rb_init
                0x00000000        0x0 obj/sta/iot_aes_pub.o
 .rela.text.uart_rb_pop
                0x00000000        0x0 obj/sta/iot_aes_pub.o
 .rela.text.uart_rb_push
                0x00000000        0x0 obj/sta/iot_aes_pub.o
 .rela.text.uart_get_avail
                0x00000000        0x0 obj/sta/iot_aes_pub.o
 .rela.text.UART_Rx_Packet_Dispatch
                0x00000000        0x0 obj/sta/iot_aes_pub.o
 .rela.text.UART_GetByte
                0x00000000        0x0 obj/sta/iot_aes_pub.o
 .rela.text.UART_Rx_Cb
                0x00000000        0x0 obj/sta/iot_aes_pub.o
 .rela.text.UART_PutBytes
                0x00000000        0x0 obj/sta/iot_aes_pub.o
 .rela.text.IoT_send_udp_directly
                0x00000000        0x0 obj/sta/iot_aes_pub.o
 .rela.text.IoT_build_send_udp_packet
                0x00000000        0x0 obj/sta/iot_aes_pub.o
 .rela.text.port_inbyte
                0x00000000        0x0 obj/sta/iot_aes_pub.o
 .rela.text.port_outbyte
                0x00000000        0x0 obj/sta/iot_aes_pub.o
 .rela.text.crc16_ccitt
                0x00000000        0x0 obj/sta/iot_aes_pub.o
 .rela.text.IoT_Xmodem_Update_FW
                0x00000000        0x0 obj/sta/iot_aes_pub.o
 .rela.text.IoT_xmodemReceive
                0x00000000        0x0 obj/sta/iot_aes_pub.o
 .rela.text.IoT_xmodemTransmit
                0x00000000        0x0 obj/sta/iot_aes_pub.o
 .rela.text.main
                0x00000000        0x0 obj/sta/iot_aes_pub.o
 .rela.text.RxFsIntFilterOut
                0x00000000        0x0 obj/sta/iot_aes_pub.o
 .rela.text.STAHandleRxDataFrame
                0x00000000        0x0 obj/sta/iot_aes_pub.o
 .rela.text.BeaconTimeoutAction
                0x00000000        0x0 obj/sta/iot_aes_pub.o
 .rela.text.RestartBCNTimer
                0x00000000        0x0 obj/sta/iot_aes_pub.o
 .rela.text.STAHandleRxMgmtFrame
                0x00000000        0x0 obj/sta/iot_aes_pub.o
 .rela.text.STARxDoneInterruptHandle
                0x00000000        0x0 obj/sta/iot_aes_pub.o
 .rela.text.dump_spi_flash
                0x00000000        0x0 obj/sta/iot_aes_pub.o
 .rela.text.dump_spi_flash_fw
                0x00000000        0x0 obj/sta/iot_aes_pub.o
 .rela.text.spi_flash_update_fw_done
                0x00000000        0x0 obj/sta/iot_aes_pub.o
 .rela.text.spi_flash_page_write
                0x00000000        0x0 obj/sta/iot_aes_pub.o
 .rela.text.spi_flash_write_func
                0x00000000        0x0 obj/sta/iot_aes_pub.o
 .rela.text.spi_flash_read_m2
                0x00000000        0x0 obj/sta/iot_aes_pub.o
 .rela.text.spi_flash_erase_BE
                0x00000000        0x0 obj/sta/iot_aes_pub.o
 .rela.text.spi_flash_erase_SE
                0x00000000        0x0 obj/sta/iot_aes_pub.o
 .rela.text.spi_flash_write
                0x00000000        0x0 obj/sta/iot_aes_pub.o
 .rela.text.spi_flash_update_fw
                0x00000000        0x0 obj/sta/iot_aes_pub.o
 .rela.text.spi_flash_erase_CE
                0x00000000        0x0 obj/sta/iot_aes_pub.o
 .rela.text.clock_time
                0x00000000        0x0 obj/sta/iot_aes_pub.o
 .rela.xipsec1  0x00000000        0x0 obj/sta/iot_aes_pub.o
 .rela.text.dhcpc_request
                0x00000000        0x0 obj/sta/iot_aes_pub.o
 .rela.ovlysec10
                0x00000000        0x0 obj/sta/iot_aes_pub.o
 .rela.text.handle_dhcp
                0x00000000        0x0 obj/sta/iot_aes_pub.o
 .rela.text.dhcpd_init
                0x00000000        0x0 obj/sta/iot_aes_pub.o
 .rela.text.dhcpd_pickup_opt
                0x00000000        0x0 obj/sta/iot_aes_pub.o
 .rela.text.discover
                0x00000000        0x0 obj/sta/iot_aes_pub.o
 .rela.text.request
                0x00000000        0x0 obj/sta/iot_aes_pub.o
 .rela.text.handle_dhcpd
                0x00000000        0x0 obj/sta/iot_aes_pub.o
 .rela.text.iot_tcp_appcall
                0x00000000        0x0 obj/sta/iot_aes_pub.o
 .rela.text.iot_tcp_app_init
                0x00000000        0x0 obj/sta/iot_aes_pub.o
 .rela.text.iot_udp_appcall
                0x00000000        0x0 obj/sta/iot_aes_pub.o
 .rela.text.iot_udp_app_init
                0x00000000        0x0 obj/sta/iot_aes_pub.o
 .rela.text.memb_init
                0x00000000        0x0 obj/sta/iot_aes_pub.o
 .rela.text.mt76xx_dev_read
                0x00000000        0x0 obj/sta/iot_aes_pub.o
 .rela.text.mt76xx_dev_send
                0x00000000        0x0 obj/sta/iot_aes_pub.o
 .rela.text.resolv_conf
                0x00000000        0x0 obj/sta/iot_aes_pub.o
 .rela.text.resolv_lookup
                0x00000000        0x0 obj/sta/iot_aes_pub.o
 .rela.text.resolv_query
                0x00000000        0x0 obj/sta/iot_aes_pub.o
 .rela.text.resolv_newdata
                0x00000000        0x0 obj/sta/iot_aes_pub.o
 .rela.text.resolv_check_entries
                0x00000000        0x0 obj/sta/iot_aes_pub.o
 .rela.text.handle_resolv
                0x00000000        0x0 obj/sta/iot_aes_pub.o
 .rela.text.resolv_usage_init
                0x00000000        0x0 obj/sta/iot_aes_pub.o
 .rela.text.resolv_found
                0x00000000        0x0 obj/sta/iot_aes_pub.o
 .rela.text.udp_client_sample
                0x00000000        0x0 obj/sta/iot_aes_pub.o
 .rela.text.udp_client_init
                0x00000000        0x0 obj/sta/iot_aes_pub.o
 .rela.text.udp_server_sample
                0x00000000        0x0 obj/sta/iot_aes_pub.o
 .rela.text.udp_server_init
                0x00000000        0x0 obj/sta/iot_aes_pub.o
 .rela.text.dhcpc_configured
                0x00000000        0x0 obj/sta/iot_aes_pub.o
 .rela.text.uip_log
                0x00000000        0x0 obj/sta/iot_aes_pub.o
 .rela.text.tcpip_periodic_timer
                0x00000000        0x0 obj/sta/iot_aes_pub.o
 .rela.text.netif_rx
                0x00000000        0x0 obj/sta/iot_aes_pub.o
 .rela.ovlysec9
                0x00000000        0x0 obj/sta/iot_aes_pub.o
 .rela.text.tcpip_init
                0x00000000        0x0 obj/sta/iot_aes_pub.o
 .rela.text.uip_fw_output
                0x00000000        0x0 obj/sta/iot_aes_pub.o
 .rela.text.uip_fw_forward
                0x00000000        0x0 obj/sta/iot_aes_pub.o
 .rela.text.uip_neighbor_add
                0x00000000        0x0 obj/sta/iot_aes_pub.o
 .rela.text.uip_split_output
                0x00000000        0x0 obj/sta/iot_aes_pub.o
 .rela.text.uip_add32
                0x00000000        0x0 obj/sta/iot_aes_pub.o
 .rela.text.uip_ipchksum
                0x00000000        0x0 obj/sta/iot_aes_pub.o
 .rela.text.upper_layer_chksum
                0x00000000        0x0 obj/sta/iot_aes_pub.o
 .rela.text.uip_add_rcv_nxt
                0x00000000        0x0 obj/sta/iot_aes_pub.o
 .rela.ovlysec0
                0x00000000        0x0 obj/sta/iot_aes_pub.o
 .rela.text.uip_process
                0x00000000        0x0 obj/sta/iot_aes_pub.o
 .rela.text.uip_get_DestMAC
                0x00000000        0x0 obj/sta/iot_aes_pub.o
 .rela.text.uip_arp_update
                0x00000000        0x0 obj/sta/iot_aes_pub.o
 .rela.text.uip_arp_arpin
                0x00000000        0x0 obj/sta/iot_aes_pub.o
 .rela.text.uip_arp_out
                0x00000000        0x0 obj/sta/iot_aes_pub.o
 .rela.text.uip_arp_timer
                0x00000000        0x0 obj/sta/iot_aes_pub.o
 .rela.text.uip_arp_init
                0x00000000        0x0 obj/sta/iot_aes_pub.o
 .rela.text.copy_string
                0x00000000        0x0 obj/sta/iot_aes_pub.o
 .rela.text.senddata
                0x00000000        0x0 obj/sta/iot_aes_pub.o
 .rela.text.newdata
                0x00000000        0x0 obj/sta/iot_aes_pub.o
 .rela.text.ws_goto_smnt
                0x00000000        0x0 obj/sta/iot_aes_pub.o
 .rela.text.ws_init
                0x00000000        0x0 obj/sta/iot_aes_pub.o
 .rela.text.ws_smt_conn
                0x00000000        0x0 obj/sta/iot_aes_pub.o
 .rela.text.wifi_state_machine
                0x00000000        0x0 obj/sta/iot_aes_pub.o
 .rela.text.wifi_rx_proc
                0x00000000        0x0 obj/sta/iot_aes_pub.o
 .rela.text.wifiTASK_LowPrioTask
                0x00000000        0x0 obj/sta/iot_aes_pub.o
 .rela.vector   0x00000000        0x0 obj/sta/iot_aes_pub.o
 .rela.startup  0x00000000        0x0 obj/sta/iot_aes_pub.o
 .rela.excepsysc
                0x00000000        0x0 obj/sta/iot_aes_pub.o
 .rela.ctxsw    0x00000000        0x0 obj/sta/iot_aes_pub.o
 .rela.text.overlayunload
                0x00000000        0x0 obj/sta/iot_aes_pub.o
 .rela.text.overlaycopy
                0x00000000        0x0 obj/sta/iot_aes_pub.o
 .rela.text.overlayload
                0x00000000        0x0 obj/sta/iot_aes_pub.o
 .rela.text.cnmTimerStopTimer
                0x00000000        0x0 obj/sta/iot_aes_pub.o
 .rela.text.cnmTimerSetTimer
                0x00000000        0x0 obj/sta/iot_aes_pub.o
 .rela.text.cnmTimerDoTimeOutCheck
                0x00000000        0x0 obj/sta/iot_aes_pub.o
 .rela.text.cnmTimerStartTimer
                0x00000000        0x0 obj/sta/iot_aes_pub.o
 .rela.text.cnmTimerDestroy
                0x00000000        0x0 obj/sta/iot_aes_pub.o
 .rela.text.IoT_software_pwm_handler
                0x00000000        0x0 obj/sta/iot_aes_pub.o
 .rela.text.IoT_software_pwm_init
                0x00000000        0x0 obj/sta/iot_aes_pub.o
 .rela.text.IoT_uart_input
                0x00000000        0x0 obj/sta/iot_aes_pub.o
 .rela.text.IoT_Cmd_Set_DBG_LVL
                0x00000000        0x0 obj/sta/iot_aes_pub.o
 .rela.text.apiQU_Dequeue
                0x00000000        0x0 obj/sta/iot_aes_pub.o
 .rela.text.apiQU_Enqueue
                0x00000000        0x0 obj/sta/iot_aes_pub.o
 .rela.text.PeerDisassocSanity
                0x00000000        0x0 obj/sta/iot_aes_pub.o
 .rela.ovlysec5
                0x00000000        0x0 obj/sta/iot_aes_pub.o
 .rela.text.NullFrameTimeoutAction
                0x00000000        0x0 obj/sta/iot_aes_pub.o
 .rela.text.PeerDeauthAction
                0x00000000        0x0 obj/sta/iot_aes_pub.o
 .rela.ovlysec6
                0x00000000        0x0 obj/sta/iot_aes_pub.o
 .rela.text.PeerAuthSanity
                0x00000000        0x0 obj/sta/iot_aes_pub.o
 .rela.text.PeerAuthRspAtSeq2Action
                0x00000000        0x0 obj/sta/iot_aes_pub.o
 .rela.text.AuthTimeoutAction
                0x00000000        0x0 obj/sta/iot_aes_pub.o
 .rela.ovlysec11
                0x00000000        0x0 obj/sta/iot_aes_pub.o
 .rela.text.dump_ram
                0x00000000        0x0 obj/sta/iot_aes_pub.o
 .rela.text.dump
                0x00000000        0x0 obj/sta/iot_aes_pub.o
 .rela.text.MT7681_ReadEEPROM
                0x00000000        0x0 obj/sta/iot_aes_pub.o
 .rela.text.rtmp_bbp_is_ready
                0x00000000        0x0 obj/sta/iot_aes_pub.o
 .rela.text.MT7681_eep_cfg
                0x00000000        0x0 obj/sta/iot_aes_pub.o
 .rela.text.GenericWowPatternCheck
                0x00000000        0x0 obj/sta/iot_aes_pub.o
 .rela.text.STAWowPatternCheck
                0x00000000        0x0 obj/sta/iot_aes_pub.o
 .rela.text.RTMPCheckWPAframe
                0x00000000        0x0 obj/sta/iot_aes_pub.o
 .rela.ovlysec7
                0x00000000        0x0 obj/sta/iot_aes_pub.o
 .rela.text.WPA_ConstructKdeHdr
                0x00000000        0x0 obj/sta/iot_aes_pub.o
 .rela.text.PRF
                0x00000000        0x0 obj/sta/iot_aes_pub.o
 .rela.text.GenRandom
                0x00000000        0x0 obj/sta/iot_aes_pub.o
 .rela.text.WpaEAPOLKeyAction
                0x00000000        0x0 obj/sta/iot_aes_pub.o
 .rela.text.T.78
                0x00000000        0x0 obj/sta/iot_aes_pub.o
 .rela.text.RtmpPasswordHash
                0x00000000        0x0 obj/sta/iot_aes_pub.o
 .rela.text.AES_Key_Unwrap
                0x00000000        0x0 obj/sta/iot_aes_pub.o
 .rela.text.RT_AES_Encrypt
                0x00000000        0x0 obj/sta/iot_aes_pub.o
 .rela.text.AES_Key_Wrap
                0x00000000        0x0 obj/sta/iot_aes_pub.o
 .rela.text.RT_HMAC_MD5
                0x00000000        0x0 obj/sta/iot_aes_pub.o
 .rela.text.RT_HMAC_SHA1
                0x00000000        0x0 obj/sta/iot_aes_pub.o
 .rela.text.FCETXIdleCheckForPS
                0x00000000        0x0 obj/sta/iot_aes_pub.o
 .rela.text.UARTIdleCheckForPS
                0x00000000        0x0 obj/sta/iot_aes_pub.o
 .rela.text.FCERXCheckForPS
                0x00000000        0x0 obj/sta/iot_aes_pub.o
 .rela.text.UARTTRTimeUpdate
                0x00000000        0x0 obj/sta/iot_aes_pub.o
 .rela.text.STASleepTime
                0x00000000        0x0 obj/sta/iot_aes_pub.o
 .rela.text.RTMPRawDataSanity
                0x00000000        0x0 obj/sta/iot_aes_pub.o
 .rela.text.STAPowerSaving
                0x00000000        0x0 obj/sta/iot_aes_pub.o
 .rela.text.STACheckRxDataForPS
                0x00000000        0x0 obj/sta/iot_aes_pub.o
 .rela.text.STACheckRxBeaconForPS
                0x00000000        0x0 obj/sta/iot_aes_pub.o
 .rela.text.RTMPWriteTxWI_Mgmt
                0x00000000        0x0 obj/sta/iot_aes_pub.o
 .rela.text.WriteSingleTxResource
                0x00000000        0x0 obj/sta/iot_aes_pub.o
 .rela.text.STA_Legacy_Frame_Tx2
                0x00000000        0x0 obj/sta/iot_aes_pub.o
 .rela.text.EnqueuePsPoll
                0x00000000        0x0 obj/sta/iot_aes_pub.o
 .rela.text.SendTestDataFrame
                0x00000000        0x0 obj/sta/iot_aes_pub.o
 .rela.text.RTMPReportMicError
                0x00000000        0x0 obj/sta/iot_aes_pub.o
 .rela.text.STARxFrameClassVfy
                0x00000000        0x0 obj/sta/iot_aes_pub.o
 .rela.text.PeerBeaconAdvPwrSavingSanity
                0x00000000        0x0 obj/sta/iot_aes_pub.o
 .rela.text.ActHeaderInit
                0x00000000        0x0 obj/sta/iot_aes_pub.o
 .rela.text.PeerAddBAReqAction
                0x00000000        0x0 obj/sta/iot_aes_pub.o
 .rela.text.MgtMacHeaderInit
                0x00000000        0x0 obj/sta/iot_aes_pub.o
 .rela.text.MakeOutgoingFrame
                0x00000000        0x0 obj/sta/iot_aes_pub.o
 .rela.text.OS_WAIT
                0x00000000        0x0 obj/sta/iot_aes_pub.o
 .rela.text.NextChannel
                0x00000000        0x0 obj/sta/iot_aes_pub.o
 .rela.text.RTMPCheckHt
                0x00000000        0x0 obj/sta/iot_aes_pub.o
 .rela.ovlysec3
                0x00000000        0x0 obj/sta/iot_aes_pub.o
 .rela.ovlysec8
                0x00000000        0x0 obj/sta/iot_aes_pub.o
 .rela.text.DoScan
                0x00000000        0x0 obj/sta/iot_aes_pub.o
 .rela.ovlysec4
                0x00000000        0x0 obj/sta/iot_aes_pub.o
 .rela.text.SMTCNParsingData
                0x00000000        0x0 obj/sta/iot_aes_pub.o
 .rela.text.ParsingData
                0x00000000        0x0 obj/sta/iot_aes_pub.o
 .rela.text.WAKEUP_HOST
                0x00000000        0x0 obj/sta/iot_aes_pub.o
 .rela.text.RTMP_D3Offload
                0x00000000        0x0 obj/sta/iot_aes_pub.o
 .rela.text.eEpPhysicalReadRegisters
                0x00000000        0x0 obj/sta/iot_aes_pub.o
 .rela.text.set_eEpGetFreeBlockCount_Proc
                0x00000000        0x0 obj/sta/iot_aes_pub.o
 .rela.text.set_eEpdump_Proc
                0x00000000        0x0 obj/sta/iot_aes_pub.o
 .rela.text.drvFCE_IntHdlr
                0x00000000        0x0 obj/sta/iot_aes_pub.o
 .rela.text.PdmaTxTsHdlr
                0x00000000        0x0 obj/sta/iot_aes_pub.o
 .rela.text.PdmaRxFsHdlr
                0x00000000        0x0 obj/sta/iot_aes_pub.o
 .rela.text.spi_flash_read
                0x00000000        0x0 obj/sta/iot_aes_pub.o
 .rela.text.kal_free_timer
                0x00000000        0x0 obj/sta/iot_aes_pub.o
 .rela.text.kal_stop_timer
                0x00000000        0x0 obj/sta/iot_aes_pub.o
 .rela.text.kal_start_timer
                0x00000000        0x0 obj/sta/iot_aes_pub.o
 .rela.text.SwTimerHandler
                0x00000000        0x0 obj/sta/iot_aes_pub.o
 .rela.text.UART_RecHandler
                0x00000000        0x0 obj/sta/iot_aes_pub.o
 .rela.text.UART_TrxHandler
                0x00000000        0x0 obj/sta/iot_aes_pub.o
 .rela.text.UART_LISR
                0x00000000        0x0 obj/sta/iot_aes_pub.o
 .rela.text.IoT_uart_AT_config
                0x00000000        0x0 obj/sta/iot_aes_pub.o
 .rela.text.UART_EnableTX
                0x00000000        0x0 obj/sta/iot_aes_pub.o
 .rela.text.UART_DisableTX
                0x00000000        0x0 obj/sta/iot_aes_pub.o
 .rela.text.UART_EnableRX
                0x00000000        0x0 obj/sta/iot_aes_pub.o
 .rela.text.UART_DisableRX
                0x00000000        0x0 obj/sta/iot_aes_pub.o
 .rela.text.UART_KbdHit
                0x00000000        0x0 obj/sta/iot_aes_pub.o
 .rela.text.sysKernelStart
                0x00000000        0x0 obj/sta/iot_aes_pub.o
 .rela.text.sysMutexLock
                0x00000000        0x0 obj/sta/iot_aes_pub.o
 .rela.text.sysMutexUnlock
                0x00000000        0x0 obj/sta/iot_aes_pub.o
 .rela.text.sysCALL_XcptHdlr
                0x00000000        0x0 obj/sta/iot_aes_pub.o
 .rela.text.sysCALL_SysCall0Hdlr
                0x00000000        0x0 obj/sta/iot_aes_pub.o
 .rela.text.sysTASK_ChkSignal
                0x00000000        0x0 obj/sta/iot_aes_pub.o
 .rela.text.sysTASK_LowPrioTask
                0x00000000        0x0 obj/sta/iot_aes_pub.o
 .rela.text.sysTASK_DeassertSignal
                0x00000000        0x0 obj/sta/iot_aes_pub.o
 .rela.text.sysTASK_AssertSignal
                0x00000000        0x0 obj/sta/iot_aes_pub.o
 .rela.text.sysTASK_WaitForSignal
                0x00000000        0x0 obj/sta/iot_aes_pub.o
 .rela.text.sysTASK_Dispatch
                0x00000000        0x0 obj/sta/iot_aes_pub.o
 .rela.text.vprintf
                0x00000000        0x0 obj/sta/iot_aes_pub.o
 .rela.text.vsprintf
                0x00000000        0x0 obj/sta/iot_aes_pub.o
 .rela.text.vprintf_help
                0x00000000        0x0 obj/sta/iot_aes_pub.o
 .rela.text.free
                0x00000000        0x0 obj/sta/iot_aes_pub.o
 .rela.text.__toupper
                0x00000000        0x0 obj/sta/iot_aes_pub.o
 .rela.text.simple_strtoul
                0x00000000        0x0 obj/sta/iot_aes_pub.o
 .rela.text.drvMCUCTL_IntrHdlr
                0x00000000        0x0 obj/sta/iot_aes_pub.o
 .rela.text.CaliPeriodExec
                0x00000000        0x0 obj/sta/iot_aes_pub.o
 .rela.text.PMU_Ctrl
                0x00000000        0x0 obj/sta/iot_aes_pub.o
 .rela.text.GetQueueInfo
                0x00000000        0x0 obj/sta/iot_aes_pub.o
 .rela.text.GetFceIntStat
                0x00000000        0x0 obj/sta/iot_aes_pub.o
 .rela.text.StorePhyMode
                0x00000000        0x0 obj/sta/iot_aes_pub.o
 .rela.text.GetClearFrameFlag
                0x00000000        0x0 obj/sta/iot_aes_pub.o
 .rela.text.handle_FCE_RxTS_interrupt
                0x00000000        0x0 obj/sta/iot_aes_pub.o
 .rela.text.handle_FCE_interrupt
                0x00000000        0x0 obj/sta/iot_aes_pub.o
 .rela.text.Set_ATE_TX_Cnt_Per_Speed
                0x00000000        0x0 obj/sta/iot_aes_pub.o
 .rela.text.NICUpdateRawCounters
                0x00000000        0x0 obj/sta/iot_aes_pub.o
 .rela.text.ATESampleRssi
                0x00000000        0x0 obj/sta/iot_aes_pub.o
 .rela.text.ATE_CMD_CALI_STAT
                0x00000000        0x0 obj/sta/iot_aes_pub.o
 .rela.text.Set_ATE_RX_DURATION
                0x00000000        0x0 obj/sta/iot_aes_pub.o
 .rela.text.Set_ATE_TX_PAYLOAD_LEN
                0x00000000        0x0 obj/sta/iot_aes_pub.o
 .rela.text.Set_ATE_TX_POWER
                0x00000000        0x0 obj/sta/iot_aes_pub.o
 .rela.text.Set_ATE_TX_Speed_Proc
                0x00000000        0x0 obj/sta/iot_aes_pub.o
 .rela.text.Set_ATE_TX_COUNT_Proc
                0x00000000        0x0 obj/sta/iot_aes_pub.o
 .rela.text.Set_ATE_TX_GI_Proc
                0x00000000        0x0 obj/sta/iot_aes_pub.o
 .rela.text.Set_ATE_TX_MCS_Proc
                0x00000000        0x0 obj/sta/iot_aes_pub.o
 .rela.text.Set_ATE_TX_MODE_Proc
                0x00000000        0x0 obj/sta/iot_aes_pub.o
 .rela.text.Set_ResetStatCounter_Proc
                0x00000000        0x0 obj/sta/iot_aes_pub.o
 .rela.text.ATE_INIT
                0x00000000        0x0 obj/sta/iot_aes_pub.o
 .rela.text.Set_ATE_TX_FREQ_OFFSET_Proc
                0x00000000        0x0 obj/sta/iot_aes_pub.o
 .rela.text.MT7681_Set_ATE_TX_BW_Proc
                0x00000000        0x0 obj/sta/iot_aes_pub.o
 .rela.text.ATE_RXFRAME
                0x00000000        0x0 obj/sta/iot_aes_pub.o
 .rela.text.ATE_TXFRAME
                0x00000000        0x0 obj/sta/iot_aes_pub.o
 .rela.text.ATESTART
                0x00000000        0x0 obj/sta/iot_aes_pub.o
 .rela.text.ATE_STOP
                0x00000000        0x0 obj/sta/iot_aes_pub.o
 .rela.text.SendATETxDataFrame
                0x00000000        0x0 obj/sta/iot_aes_pub.o
 .rela.text.ATEPeriodicExec
                0x00000000        0x0 obj/sta/iot_aes_pub.o
 .rela.text.RTMPConstructWEPIVHdr
                0x00000000        0x0 obj/sta/iot_aes_pub.o
 .rela.text.RTMPInitWepEngine
                0x00000000        0x0 obj/sta/iot_aes_pub.o
 .rela.text.RTMPSoftDecryptWEP
                0x00000000        0x0 obj/sta/iot_aes_pub.o
 .rela.text.RTMPSoftEncryptWEP
                0x00000000        0x0 obj/sta/iot_aes_pub.o
                0x000065a0                . = ALIGN (0x10)
                0x000065a0                STACK_SECT_VMA = .

.STACK          0x000065a0      0x800
                0x000065a0                PROVIDE (_STACK_START, .)
 *(.stack)
 .stack         0x000065a0      0x800 ./libandessta.a(stack.o)
                0x000065a0                sysStack
                0x00006da0                PROVIDE (_STACK_END, .)
                0x00006da0                . = ALIGN (0x10)
                0x00006da0                DATA_SECT_VMA = .

.DATA           0x00006da0      0x6e4
 *(.rodata)
 .rodata        0x00006da0       0x10 obj/sta/tcpip/iot_tcp_app.o
 *(.rodata.*)
 .rodata.str1.4
                0x00006db0       0x3e obj/sta/iot_at_cmd.o
                                 0x40 (size before relaxing)
 *fill*         0x00006dee        0x2 00000000
 .rodata.str1.4
                0x00006df0        0x7 obj/sta/iot_at_cmd_utility.o
                                  0x8 (size before relaxing)
 *fill*         0x00006df7        0x1 00000000
 .rodata.str1.4
                0x00006df8       0x95 obj/sta/iot_custom.o
                                 0x98 (size before relaxing)
 *fill*         0x00006e8d        0x3 00000000
 .rodata.cst4   0x00006e90        0x4 obj/sta/iot_uart_rb.o
 .rodata.str1.4
                0x00006e94       0x14 obj/sta/tcpip/dhcpc.o
 .rodata.xid    0x00006ea8        0x4 obj/sta/tcpip/dhcpc.o
 .rodata.magic_cookie
                0x00006eac        0x4 obj/sta/tcpip/dhcpc.o
 .rodata.str1.4
                0x00006eb0       0x57 obj/sta/tcpip/iot_tcp_app.o
                                 0x58 (size before relaxing)
 *fill*         0x00006f07        0x1 00000000
 .rodata.str1.4
                0x00006f08        0x3 obj/sta/tcpip/sample_udp_server.o
                                 0x10 (size before relaxing)
 *fill*         0x00006f0b        0x1 00000000
 .rodata.str1.4
                0x00006f0c       0x30 obj/sta/tcpip/tcpip_main.o
 .rodata.broadcast_ethaddr
                0x00006f3c        0x8 obj/sta/tcpip/uip_arp.o
 .rodata.http_http
                0x00006f44        0x8 obj/sta/tcpip/webclient-strings.o
                0x00006f44                http_http
 .rodata.http_200
                0x00006f4c        0x8 obj/sta/tcpip/webclient-strings.o
                0x00006f4c                http_200
 .rodata.http_301
                0x00006f54        0x8 obj/sta/tcpip/webclient-strings.o
                0x00006f54                http_301
 .rodata.http_302
                0x00006f5c        0x8 obj/sta/tcpip/webclient-strings.o
                0x00006f5c                http_302
 .rodata.http_get
                0x00006f64        0x8 obj/sta/tcpip/webclient-strings.o
                0x00006f64                http_get
 .rodata.http_10
                0x00006f6c        0xc obj/sta/tcpip/webclient-strings.o
                0x00006f6c                http_10
 .rodata.http_11
                0x00006f78        0xc obj/sta/tcpip/webclient-strings.o
                0x00006f78                http_11
 .rodata.http_content_type
                0x00006f84       0x10 obj/sta/tcpip/webclient-strings.o
                0x00006f84                http_content_type
 .rodata.http_location
                0x00006f94        0xc obj/sta/tcpip/webclient-strings.o
                0x00006f94                http_location
 .rodata.http_host
                0x00006fa0        0x8 obj/sta/tcpip/webclient-strings.o
                0x00006fa0                http_host
 .rodata.http_crnl
                0x00006fa8        0x4 obj/sta/tcpip/webclient-strings.o
                0x00006fa8                http_crnl
 .rodata.http_user_agent_fields
                0x00006fac       0x50 obj/sta/tcpip/webclient-strings.o
                0x00006fac                http_user_agent_fields
 .rodata.str1.4
                0x00006ffc       0x1a obj/sta/tcpip/webclient.o
                                 0x1c (size before relaxing)
 *fill*         0x00007016        0x2 00000000
 .rodata.str1.4
                0x00007018        0xc obj/sta/wifi_task_pub.o
 .rodata.str1.4
                0x00007024       0x2b ./libandessta.a(xip_ovly.o)
                                 0x2c (size before relaxing)
 *fill*         0x0000704f        0x1 00000000
 .rodata.C.2.5843
                0x00007050       0x10 ./libandessta.a(app_nos_main.o)
 .rodata.str1.4
                0x00007060       0x14 ./libandessta.a(assoc.o)
 .rodata.__FUNCTION__.4345
                0x00007074       0x10 ./libandessta.a(assoc.o)
 .rodata.str1.4
                0x00007084       0x53 ./libandessta.a(chip_init.o)
                                 0x58 (size before relaxing)
 *fill*         0x000070d7        0x1 00000000
 .rodata.C.24.4502
                0x000070d8        0xc ./libandessta.a(cmm_wpa.o)
 .rodata.C.21.4442
                0x000070e4       0x18 ./libandessta.a(cmm_wpa.o)
 .rodata.cst4   0x000070fc        0x4 ./libandessta.a(crypt_aes.o)
                                  0x8 (size before relaxing)
 .rodata.str1.4
                0x00007100        0xb ./libandessta.a(scan.o)
                                  0xc (size before relaxing)
 *fill*         0x0000710b        0x1 00000000
 .rodata.str1.4
                0x0000710c        0x5 ./libandessta.a(bsp.o)
                                  0x8 (size before relaxing)
 *fill*         0x00007111        0x3 00000000
 .rodata.str1.4
                0x00007114       0x37 ./libandessta.a(ee_efuse.o)
                                 0x38 (size before relaxing)
 *fill*         0x0000714b        0x1 00000000
 .rodata.MT7681_Frequency_Plan
                0x0000714c       0x48 ./libandessta.a(mt7681_ChSw.o)
 .rodata.str1.4
                0x00007194       0x48 ./libandessta.a(wifi_task.o)
                0x000071e0                . = ALIGN (0x10)
 *fill*         0x000071dc        0x4 00000000
 *(.data)
 *(.data.*)
 .data.optind   0x000071e0        0x2 obj/sta/iot_at_cmd_utility.o
                0x000071e0                optind
 .data.opterr   0x000071e2        0x1 obj/sta/iot_at_cmd_utility.o
                0x000071e2                opterr
 *fill*         0x000071e3        0x1 00000000
 .data.Com_Cfg  0x000071e4       0x2c obj/sta/iot_custom.o
                0x000071e4                Com_Cfg
 .data.Usr_Cfg  0x00007210       0x60 obj/sta/iot_custom.o
                0x00007210                Usr_Cfg
 .data.bSpecAP  0x00007270        0x1 obj/sta/iot_custom.o
                0x00007270                bSpecAP
 .data.PRINT_FLAG
                0x00007271        0x1 obj/sta/iot_custom.o
                0x00007271                PRINT_FLAG
 *fill*         0x00007272        0x2 00000000
 .data.IoT_CmdPWD_Recv
                0x00007274        0x4 obj/sta/iot_parse.o
                0x00007274                IoT_CmdPWD_Recv
 .data.ATCmdPrefixAT
                0x00007278        0x4 obj/sta/iot_uart_rb.o
                0x00007278                ATCmdPrefixAT
 .data.ATCmdPrefixIW
                0x0000727c        0xc obj/sta/iot_uart_rb.o
                0x0000727c                ATCmdPrefixIW
 .data.SNAP_802_1H
                0x00007288        0x8 obj/sta/iot_uplink.o
                0x00007288                SNAP_802_1H
 .data.SNAP_BRIDGE_TUNNEL
                0x00007290        0x8 obj/sta/iot_uplink.o
                0x00007290                SNAP_BRIDGE_TUNNEL
 .data.EAPOL    0x00007298        0x4 obj/sta/iot_uplink.o
                0x00007298                EAPOL
 .data.hostname
                0x0000729c        0x8 obj/sta/tcpip/dhcpc.o
 .data.cli_fd   0x000072a4        0x4 obj/sta/tcpip/tcpip_main.o
                0x000072a4                cli_fd
 .data.clk      0x000072a8        0x4 obj/sta/tcpip/tcpip_main.o
 .data.uip_ethaddr
                0x000072ac        0x8 obj/sta/tcpip/uip.o
                0x000072ac                uip_ethaddr
 .data.gCurrentAddress
                0x000072b4        0x8 obj/sta/wifi_task_pub.o
                0x000072b4                gCurrentAddress
 .data.BCAST_ADDR
                0x000072bc        0x8 obj/sta/wifi_task_pub.o
                0x000072bc                BCAST_ADDR
 .data.OUI_WPA_NONE_AKM
                0x000072c4        0x4 ./libandessta.a(cmm_wpa.o)
                0x000072c4                OUI_WPA_NONE_AKM
 .data.OUI_WPA_VERSION
                0x000072c8        0x4 ./libandessta.a(cmm_wpa.o)
                0x000072c8                OUI_WPA_VERSION
 .data.OUI_WPA_TKIP
                0x000072cc        0x4 ./libandessta.a(cmm_wpa.o)
                0x000072cc                OUI_WPA_TKIP
 .data.OUI_WPA_CCMP
                0x000072d0        0x4 ./libandessta.a(cmm_wpa.o)
                0x000072d0                OUI_WPA_CCMP
 .data.OUI_WPA_8021X_AKM
                0x000072d4        0x4 ./libandessta.a(cmm_wpa.o)
                0x000072d4                OUI_WPA_8021X_AKM
 .data.OUI_WPA_PSK_AKM
                0x000072d8        0x4 ./libandessta.a(cmm_wpa.o)
                0x000072d8                OUI_WPA_PSK_AKM
 .data.OUI_WPA2
                0x000072dc        0x4 ./libandessta.a(cmm_wpa.o)
                0x000072dc                OUI_WPA2
 .data.OUI_WPA2_TKIP
                0x000072e0        0x4 ./libandessta.a(cmm_wpa.o)
                0x000072e0                OUI_WPA2_TKIP
 .data.OUI_WPA2_CCMP
                0x000072e4        0x4 ./libandessta.a(cmm_wpa.o)
                0x000072e4                OUI_WPA2_CCMP
 .data.OUI_WPA2_8021X_AKM
                0x000072e8        0x4 ./libandessta.a(cmm_wpa.o)
                0x000072e8                OUI_WPA2_8021X_AKM
 .data.OUI_WPA2_PSK_AKM
                0x000072ec        0x4 ./libandessta.a(cmm_wpa.o)
                0x000072ec                OUI_WPA2_PSK_AKM
 .data.g_tx_pkt_id
                0x000072f0        0x1 ./libandessta.a(rtmp_data.o)
 *fill*         0x000072f1        0x3 00000000
 .data.Full_ChannelList
                0x000072f4       0x28 ./libandessta.a(scan.o)
                0x000072f4                Full_ChannelList
 .data.Full_ChannelList_Size
                0x0000731c        0x1 ./libandessta.a(scan.o)
                0x0000731c                Full_ChannelList_Size
 .data.HtCapIe  0x0000731d        0x1 ./libandessta.a(scan.o)
                0x0000731d                HtCapIe
 *fill*         0x0000731e        0x2 00000000
 .data.WPA_OUI  0x00007320        0x4 ./libandessta.a(scan.o)
                0x00007320                WPA_OUI
 .data.RSN_OUI  0x00007324        0x4 ./libandessta.a(scan.o)
                0x00007324                RSN_OUI
 .data.WPS_OUI  0x00007328        0x4 ./libandessta.a(scan.o)
                0x00007328                WPS_OUI
 .data.sysXcptVctr
                0x0000732c       0x40 ./libandessta.a(xcpt.o)
 .data.Random   0x0000736c        0x4 ./libandessta.a(random.o)
 .data.SupRateIe
                0x00007370        0x1 ./libandessta.a(mt7681_ChSw.o)
                0x00007370                SupRateIe
 .data.ExtRateIe
                0x00007371        0x1 ./libandessta.a(mt7681_ChSw.o)
                0x00007371                ExtRateIe
 *fill*         0x00007372        0x2 00000000
 .data.WME_PARM_ELEM
                0x00007374        0x8 ./libandessta.a(mt7681_ChSw.o)
                0x00007374                WME_PARM_ELEM
 .data.SSID_TMP
                0x0000737c        0x4 ./libandessta.a(wifi_task.o)
                0x0000737c                SSID_TMP
 .data.RTDebugLevel
                0x00007380        0x1 ./libandessta.a(wifi_task.o)
                0x00007380                RTDebugLevel
 *fill*         0x00007381        0x3 00000000
 .data._ctype   0x00007384      0x100 ./libandessta.a(ctype.o)
                0x00007384                _ctype
                0x00007484                . = ALIGN (0x4)

FW_VERSION_TAG  0x00007484        0xc
 *(FW_VERSION_TAG)
 FW_VERSION_TAG
                0x00007484        0xc ./libandessta.a(bsp.o)
                0x00007484                gVersionTag
                0x00007490                __tag_end = .

.ovlysec0       0x00007490      0xfb0 load address 0x0053f000
 .ovlysec0      0x00007490      0xfb0 obj/sta/tcpip/uip.o
                0x00007490                _uip_process
                0x0053f000                PROVIDE (__load_start_ovlysec0, LOADADDR (.ovlysec0))
                0x0053ffb0                PROVIDE (__load_stop_ovlysec0, (LOADADDR (.ovlysec0) + SIZEOF (.ovlysec0)))

.ovlysec1       0x00007490        0x0 load address 0x0053ffb0
                0x0053ffb0                PROVIDE (__load_start_ovlysec1, LOADADDR (.ovlysec1))
                0x0053ffb0                PROVIDE (__load_stop_ovlysec1, (LOADADDR (.ovlysec1) + SIZEOF (.ovlysec1)))

.ovlysec2       0x00007490      0x814 load address 0x0053ffb0
 .ovlysec2      0x00007490      0x814 ./libandessta.a(chip_init.o)
                0x00007490                MACRegTable
                0x00007bf0                MT7681_RF_VGA_RegTb
                0x000075b8                MT7681_MACRegTable
                0x00007b3c                MT7681_RF_Channel_RegTb
                0x00007ab8                MT7681_RF_Central_RegTb
                0x00007608                MT7681_BBP_InitRegTb
                0x000075e8                BBPRegTable
                0x0053ffb0                PROVIDE (__load_start_ovlysec2, LOADADDR (.ovlysec2))
                0x005407c4                PROVIDE (__load_stop_ovlysec2, (LOADADDR (.ovlysec2) + SIZEOF (.ovlysec2)))

.ovlysec3       0x00007490      0x480 load address 0x005407c4
 .ovlysec3      0x00007490      0x480 ./libandessta.a(scan.o)
                0x00007490                PeerBeaconAndProbeRspSanity
                0x005407c4                PROVIDE (__load_start_ovlysec3, LOADADDR (.ovlysec3))
                0x00540c44                PROVIDE (__load_stop_ovlysec3, (LOADADDR (.ovlysec3) + SIZEOF (.ovlysec3)))

.ovlysec4       0x00007490      0x43c load address 0x00540c44
 .ovlysec4      0x00007490      0x43c ./libandessta.a(smtcn.o)
                0x00007490                SMTCNRX_done
                0x0000767c                _SMTCNParsingMulticast
                0x00007518                _SMTCNGetInfo
                0x00540c44                PROVIDE (__load_start_ovlysec4, LOADADDR (.ovlysec4))
                0x00541080                PROVIDE (__load_stop_ovlysec4, (LOADADDR (.ovlysec4) + SIZEOF (.ovlysec4)))

.ovlysec5       0x00007490      0x594 load address 0x00541080
 .ovlysec5      0x00007490      0x594 ./libandessta.a(assoc.o)
                0x000077b8                _MlmeAssocReqAction
                0x000076b8                _PeerAssocRspAction
                0x00007490                PeerAssocRspSanity
                0x0000765c                _PeerDisassocAction
                0x00541080                PROVIDE (__load_start_ovlysec5, LOADADDR (.ovlysec5))
                0x00541614                PROVIDE (__load_stop_ovlysec5, (LOADADDR (.ovlysec5) + SIZEOF (.ovlysec5)))

.ovlysec6       0x00007490      0x1b4 load address 0x00541614
 .ovlysec6      0x00007490      0x1b4 ./libandessta.a(auth.o)
                0x00007540                _AUTH_ReqSend
                0x00007490                _MlmeAuthProcess
                0x00541614                PROVIDE (__load_start_ovlysec6, LOADADDR (.ovlysec6))
                0x005417c8                PROVIDE (__load_stop_ovlysec6, (LOADADDR (.ovlysec6) + SIZEOF (.ovlysec6)))

.ovlysec7       0x00007490      0xe68 load address 0x005417c8
 .ovlysec7      0x00007490      0xe68 ./libandessta.a(cmm_wpa.o)
                0x000076ac                _CalculateMIC
                0x0000784c                _ConstructEapolMsg
                0x00007aa8                _WpaDeriveGTK
                0x00007b94                _WpaDerivePTK
                0x00008078                _PeerPairMsg3Action
                0x00007d24                _PeerWpaMessageSanity
                0x00007f7c                _PeerGroupMsg1Action
                0x00007490                _WPAInstallSharedKey
                0x0000755c                _RTMPParseEapolKeyData
                0x000081a8                _PeerPairMsg1Action
                0x00007780                _ConstructEapolKeyData
                0x005417c8                PROVIDE (__load_start_ovlysec7, LOADADDR (.ovlysec7))
                0x00542630                PROVIDE (__load_stop_ovlysec7, (LOADADDR (.ovlysec7) + SIZEOF (.ovlysec7)))

.ovlysec8       0x00008440      0x438 load address 0x00542630
 .ovlysec8      0x00008440      0x438 ./libandessta.a(scan.o)
                0x00008440                _PeerBeaconAtScanAction
                0x00542630                PROVIDE (__load_start_ovlysec8, LOADADDR (.ovlysec8))
                0x00542a68                PROVIDE (__load_stop_ovlysec8, (LOADADDR (.ovlysec8) + SIZEOF (.ovlysec8)))

.ovlysec9       0x00008440      0x170 load address 0x00542a68
 .ovlysec9      0x00008440      0x170 obj/sta/tcpip/tcpip_main.o
                0x00008440                _tcpip_init
                0x00542a68                PROVIDE (__load_start_ovlysec9, LOADADDR (.ovlysec9))
                0x00542bd8                PROVIDE (__load_stop_ovlysec9, (LOADADDR (.ovlysec9) + SIZEOF (.ovlysec9)))

.ovlysec10      0x00008440      0x190 load address 0x00542bd8
 .ovlysec10     0x00008440      0x190 obj/sta/tcpip/dhcpc.o
                0x00008440                _handle_dhcp
                0x00542bd8                PROVIDE (__load_start_ovlysec10, LOADADDR (.ovlysec10))
                0x00542d68                PROVIDE (__load_stop_ovlysec10, (LOADADDR (.ovlysec10) + SIZEOF (.ovlysec10)))

.ovlysec11      0x00008440      0x178 load address 0x00542d68
 .ovlysec11     0x00008440      0x178 ./libandessta.a(chip_init.o)
                0x0000848c                wait_bbp_rf_wakeup
                0x000084c8                NICInitMT7681BbpRegisters
                0x0000852c                NICInitMT7681RFRegisters
                0x00008440                NICInitMT7681MacRegisters
                0x00542d68                PROVIDE (__load_start_ovlysec11, LOADADDR (.ovlysec11))
                0x00542ee0                PROVIDE (__load_stop_ovlysec11, (LOADADDR (.ovlysec11) + SIZEOF (.ovlysec11)))
                0x00008878                . = ALIGN (0x4)

.nds32.ovly.tbl
                0x00008878       0xe4
                0x00008878                _ovly_table = .
                0x00008878        0x4 LONG 0x7490 ABSOLUTE (ADDR (.ovlysec0))
                0x0000887c        0x4 LONG 0xfb0 SIZEOF (.ovlysec0)
                0x00008880        0x4 LONG 0x53f000 ABSOLUTE (LOADADDR (.ovlysec0))
                0x00008884        0x4 LONG 0x0
                0x00008888        0x4 LONG 0x7490 ABSOLUTE (ADDR (.ovlysec1))
                0x0000888c        0x4 LONG 0x0 SIZEOF (.ovlysec1)
                0x00008890        0x4 LONG 0x53ffb0 ABSOLUTE (LOADADDR (.ovlysec1))
                0x00008894        0x4 LONG 0x0
                0x00008898        0x4 LONG 0x7490 ABSOLUTE (ADDR (.ovlysec2))
                0x0000889c        0x4 LONG 0x814 SIZEOF (.ovlysec2)
                0x000088a0        0x4 LONG 0x53ffb0 ABSOLUTE (LOADADDR (.ovlysec2))
                0x000088a4        0x4 LONG 0x0
                0x000088a8        0x4 LONG 0x7490 ABSOLUTE (ADDR (.ovlysec3))
                0x000088ac        0x4 LONG 0x480 SIZEOF (.ovlysec3)
                0x000088b0        0x4 LONG 0x5407c4 ABSOLUTE (LOADADDR (.ovlysec3))
                0x000088b4        0x4 LONG 0x0
                0x000088b8        0x4 LONG 0x7490 ABSOLUTE (ADDR (.ovlysec4))
                0x000088bc        0x4 LONG 0x43c SIZEOF (.ovlysec4)
                0x000088c0        0x4 LONG 0x540c44 ABSOLUTE (LOADADDR (.ovlysec4))
                0x000088c4        0x4 LONG 0x0
                0x000088c8        0x4 LONG 0x7490 ABSOLUTE (ADDR (.ovlysec5))
                0x000088cc        0x4 LONG 0x594 SIZEOF (.ovlysec5)
                0x000088d0        0x4 LONG 0x541080 ABSOLUTE (LOADADDR (.ovlysec5))
                0x000088d4        0x4 LONG 0x0
                0x000088d8        0x4 LONG 0x7490 ABSOLUTE (ADDR (.ovlysec6))
                0x000088dc        0x4 LONG 0x1b4 SIZEOF (.ovlysec6)
                0x000088e0        0x4 LONG 0x541614 ABSOLUTE (LOADADDR (.ovlysec6))
                0x000088e4        0x4 LONG 0x0
                0x000088e8        0x4 LONG 0x7490 ABSOLUTE (ADDR (.ovlysec7))
                0x000088ec        0x4 LONG 0xe68 SIZEOF (.ovlysec7)
                0x000088f0        0x4 LONG 0x5417c8 ABSOLUTE (LOADADDR (.ovlysec7))
                0x000088f4        0x4 LONG 0x0
                0x000088f8        0x4 LONG 0x8440 ABSOLUTE (ADDR (.ovlysec8))
                0x000088fc        0x4 LONG 0x438 SIZEOF (.ovlysec8)
                0x00008900        0x4 LONG 0x542630 ABSOLUTE (LOADADDR (.ovlysec8))
                0x00008904        0x4 LONG 0x1
                0x00008908        0x4 LONG 0x8440 ABSOLUTE (ADDR (.ovlysec9))
                0x0000890c        0x4 LONG 0x170 SIZEOF (.ovlysec9)
                0x00008910        0x4 LONG 0x542a68 ABSOLUTE (LOADADDR (.ovlysec9))
                0x00008914        0x4 LONG 0x1
                0x00008918        0x4 LONG 0x8440 ABSOLUTE (ADDR (.ovlysec10))
                0x0000891c        0x4 LONG 0x190 SIZEOF (.ovlysec10)
                0x00008920        0x4 LONG 0x542bd8 ABSOLUTE (LOADADDR (.ovlysec10))
                0x00008924        0x4 LONG 0x1
                0x00008928        0x4 LONG 0x8440 ABSOLUTE (ADDR (.ovlysec11))
                0x0000892c        0x4 LONG 0x178 SIZEOF (.ovlysec11)
                0x00008930        0x4 LONG 0x542d68 ABSOLUTE (LOADADDR (.ovlysec11))
                0x00008934        0x4 LONG 0x1
                0x00008938                _novlys = .
                0x00008938        0x4 LONG 0xc ((_novlys - _ovly_table) / 0x10)
                0x00008940                . = ALIGN (0x8)
 *fill*         0x0000893c        0x4 00
                0x00008940                _ovly_ram_table = .
                0x00008940        0x4 LONG 0x0
                0x00008944        0x4 LONG 0xffffffff
                0x00008948        0x4 LONG 0x0
                0x0000894c        0x4 LONG 0x1
                0x00008950        0x4 LONG 0xffffffff
                0x00008954        0x4 LONG 0x0
                0x00008958                _novlyr = .
                0x00008958        0x4 LONG 0x2 ((_novlyr - _ovly_ram_table) / 0xc)
                0x00008960                . = ALIGN (0x10)
                0x00008960                BSS_SECT_VMA = .

.BSS            0x00008960     0x38c4
                0x00008960                PROVIDE (_BSS_START, .)
 *(.sbss)
 *(.sbss.*)
 *(.scommon)
 *(.scommon.*)
 *(.sbss_w)
 .sbss_w        0x00008960       0x10 obj/sta/tcpip/uip.o
                0x0000896c                uip_sappdata
                0x00008960                uip_udp_conn
                0x00008964                uip_appdata
                0x00008968                uip_conn
 .sbss_w        0x00008970        0x8 obj/sta/wifi_task_pub.o
                0x00008970                pIoTMlme
                0x00008974                pIoTStaCfg
 .sbss_w        0x00008978        0x4 ./libandessta.a(bsp.o)
                0x00008978                __OS_Heap_Start
 *(.sbss_w.*)
 *(.sbss_h)
 .sbss_h        0x0000897c        0x6 obj/sta/tcpip/uip.o
                0x0000897c                uip_len
                0x00008980                ipid
                0x0000897e                uip_slen
 .sbss_h        0x00008982        0x2 obj/sta/tcpip/webclient.o
                0x00008982                http_clientPort
 *(.sbss_h.*)
 *(.sbss_b)
 .sbss_b        0x00008984        0x1 obj/sta/tcpip/uip.o
                0x00008984                uip_flags
 *(.sbss_b.*)
                0x00008990                . = ALIGN (0x10)
 *fill*         0x00008985        0xb 00000000
 *(.bss)
 *(.bss.*)
 .bss.optarg    0x00008990        0x4 obj/sta/iot_at_cmd_utility.o
                0x00008990                optarg
 .bss.pIndexPosition.1213
                0x00008994        0x4 obj/sta/iot_at_cmd_utility.o
 .bss.gCaliFrEfuse
                0x00008998        0x1 obj/sta/iot_custom.o
                0x00008998                gCaliFrEfuse
 .bss.UART_TX_POLL_ENABLE
                0x00008999        0x1 obj/sta/iot_custom.o
                0x00008999                UART_TX_POLL_ENABLE
 .bss.preSeq    0x0000899a        0x2 obj/sta/iot_parse.o
                0x0000899a                preSeq
 .bss.appLen    0x0000899c        0x2 obj/sta/iot_parse.o
                0x0000899c                appLen
 *fill*         0x0000899e        0x2 00000000
 .bss.mt7681_HardwareStatus
                0x000089a0        0x8 obj/sta/iot_parse.o
                0x000089a0                mt7681_HardwareStatus
 .bss.IWMatchNum.2841
                0x000089a8        0x1 obj/sta/iot_uart_rb.o
 .bss.ATMatchNum.2840
                0x000089a9        0x1 obj/sta/iot_uart_rb.o
 *fill*         0x000089aa        0x2 00000000
 .bss.gCPULowClok
                0x000089ac        0x4 obj/sta/misc_pub.o
                0x000089ac                gCPULowClok
 .bss.s         0x000089b0       0x34 obj/sta/tcpip/dhcpc.o
 .bss.i.1512    0x000089e4        0x1 obj/sta/tcpip/resolv.o
 .bss.lseqi.1483
                0x000089e5        0x1 obj/sta/tcpip/resolv.o
 .bss.lseq.1482
                0x000089e6        0x1 obj/sta/tcpip/resolv.o
 .bss.i.1481    0x000089e7        0x1 obj/sta/tcpip/resolv.o
 .bss.names     0x000089e8       0x2c obj/sta/tcpip/resolv.o
 .bss.seqno     0x00008a14        0x1 obj/sta/tcpip/resolv.o
 *fill*         0x00008a15        0x3 00000000
 .bss.iss       0x00008a18        0x4 obj/sta/tcpip/uip.o
 .bss.lastport  0x00008a1c        0x2 obj/sta/tcpip/uip.o
 .bss.c         0x00008a1e        0x1 obj/sta/tcpip/uip.o
 .bss.opt       0x00008a1f        0x1 obj/sta/tcpip/uip.o
 .bss.tmp16     0x00008a20        0x2 obj/sta/tcpip/uip.o
 *fill*         0x00008a22        0x2 00000000
 .bss.arp_table
                0x00008a24       0x60 obj/sta/tcpip/uip_arp.o
 .bss.ipaddr    0x00008a84        0x4 obj/sta/tcpip/uip_arp.o
 .bss.i         0x00008a88        0x1 obj/sta/tcpip/uip_arp.o
 .bss.c         0x00008a89        0x1 obj/sta/tcpip/uip_arp.o
 .bss.arptime   0x00008a8a        0x1 obj/sta/tcpip/uip_arp.o
 .bss.tmpage    0x00008a8b        0x1 obj/sta/tcpip/uip_arp.o
 .bss.i.1595    0x00008a8c        0x1 obj/sta/tcpip/webclient.o
 .bss.c.1575    0x00008a8d        0x1 obj/sta/tcpip/webclient.o
 *fill*         0x00008a8e        0x2 00000000
 .bss.addr.1451
                0x00008a90        0x4 obj/sta/tcpip/webclient.o
 .bss.s         0x00008a94      0x180 obj/sta/tcpip/webclient.o
 .bss.gSmnted   0x00008c14        0x1 obj/sta/wifi_task_pub.o
                0x00008c14                gSmnted
 *fill*         0x00008c15        0x3 00000000
 .bss.PreTime.2587
                0x00008c18        0x4 obj/sta/wifi_task_pub.o
 .bss.BufMem1   0x00008c1c     0x18d8 ./libandessta.a(queue.o)
 .bss.BufDesc1  0x0000a4f4       0x90 ./libandessta.a(queue.o)
 .bss.eepcfg    0x0000a584       0x44 ./libandessta.a(chip_init.o)
                0x0000a584                eepcfg
 .bss.gSequence
                0x0000a5c8        0x2 ./libandessta.a(rtmp_data.o)
                0x0000a5c8                gSequence
 *fill*         0x0000a5ca        0x2 00000000
 .bss.pfsm      0x0000a5cc      0x128 ./libandessta.a(smtcn.o)
 .bss.FceIntHdlr
                0x0000a6f4       0x80 ./libandessta.a(fce.o)
 .bss.jiffies   0x0000a774        0x4 ./libandessta.a(timer.o)
                0x0000a774                jiffies
 .bss.Timers_List
                0x0000a778        0x4 ./libandessta.a(timer.o)
                0x0000a778                Timers_List
 .bss.Timer_Start
                0x0000a77c        0x4 ./libandessta.a(timer.o)
                0x0000a77c                Timer_Start
 .bss.last_start_time
                0x0000a780        0x4 ./libandessta.a(timer.o)
                0x0000a780                last_start_time
 .bss.McuCtlIntHdlr
                0x0000a784       0x80 ./libandessta.a(mcuctl.o)
 .bss.SsidIe    0x0000a804        0x1 ./libandessta.a(mt7681_ChSw.o)
                0x0000a804                SsidIe
 *fill*         0x0000a805        0x3 00000000
 .bss.PreTime.5759
                0x0000a808        0x4 ./libandessta.a(mt7681_ChSw.o)
 .bss.PreBW.5623
                0x0000a80c        0x1 ./libandessta.a(mt7681_ChSw.o)
 .bss.RF_ABB_R6_R7_IN_BW20
                0x0000a80d        0x1 ./libandessta.a(mt7681_ChSw.o)
 .bss.RF_ABB_R58_R59_IN_BW20
                0x0000a80e        0x1 ./libandessta.a(mt7681_ChSw.o)
 .bss.RF_ABB_R6_R7_IN_BW40
                0x0000a80f        0x1 ./libandessta.a(mt7681_ChSw.o)
 .bss.RF_ABB_R58_R59_IN_BW40
                0x0000a810        0x1 ./libandessta.a(mt7681_ChSw.o)
 *fill*         0x0000a811        0x3 00000000
 .bss.PARAM_Info
                0x0000a814        0x4 ./libandessta.a(mt7681_ChSw.o)
 .bss.TxPWR     0x0000a818        0x4 ./libandessta.a(mt7681_ChSw.o)
 .bss.LNAGain   0x0000a81c        0x4 ./libandessta.a(mt7681_ChSw.o)
 .bss.wakeup_from_grant
                0x0000a820        0x1 ./libandessta.a(wifi_ps.o)
                0x0000a820                wakeup_from_grant
 .bss.gPmuINT   0x0000a821        0x1 ./libandessta.a(wifi_ps.o)
                0x0000a821                gPmuINT
 .bss.gPmuAbort
                0x0000a822        0x1 ./libandessta.a(wifi_ps.o)
                0x0000a822                gPmuAbort
 *(COMMON)
 *fill*         0x0000a823        0x1 00000000
 COMMON         0x0000a824      0x1c5 obj/sta/iot_custom.o
                0x0000a824                IoTCustOp
                0x0000a840                IoTCustTimer
                0x0000a85c                IoTpAd
 *fill*         0x0000a9e9        0x3 00000000
 COMMON         0x0000a9ec      0x448 obj/sta/iot_uart_rb.o
                0x0000a9ec                uart_rb_info
                0x0000a9f8                UARTPort
                0x0000ab10                UARTTxBuf
                0x0000ab50                uart_rb_addr
                0x0000ac34                UARTRxBuf
 COMMON         0x0000ae34       0x18 obj/sta/tcpip/tcpip_main.o
                0x0000ae34                arp_timer
                0x0000ae3c                periodic_timer
                0x0000ae44                cli_timer
 COMMON         0x0000ae4c      0xcf4 obj/sta/tcpip/uip.o
                0x0000ae4c                uip_acc32
                0x0000ae50                uip_conns
                0x0000b860                uip_listenports
                0x0000b868                uip_draddr
                0x0000b86c                uip_netmask
                0x0000b870                uip_hostaddr
                0x0000b874                uip_buf
                0x0000bad0                uip_udp_conns
 COMMON         0x0000bb40        0x6 obj/sta/tcpip/uip_arp.o
                0x0000bb40                uip_sourceAddr
 *fill*         0x0000bb46        0x2 00000000
 COMMON         0x0000bb48       0x14 ./libandessta.a(cnm_timer.o)
                0x0000bb48                rRootTimer
 COMMON         0x0000bb5c       0x5a ./libandessta.a(iot_io_cmd.o)